"Leoc\u00e1tia Cardoso de S\u00e1"
"Geraldo Cantanhede Bezena"
"Sylvio Nogueira"
"C\u00e1tia Cristina Ribeiro Barroso"
"Genivaldo Dutra dos Santos"
"Jailson Medeiros"
"Julmar Gernandes"
"Jo\u00e3o Coimbra de Oliveira"
"Jos\u00e9 Barbosa da Silva"
"Manoel Das Dores"
"antonio romero c\u00edconini"
"PLINIO ROBERTO DA SILVA"
"Maur\u00edcio de Magalh\u00e3es Couto"
"Luiz Carlos Leme Branco"
"Arno Feliciano de Castilho"
"Claudimundo Antonio da Silva"
"ISMAEL DONIZETI PETRUCI"
"T\u00e2nia Mara Toledo"
"Ricardo Jos\u00e9 de Souza"
"Luiz Gonzaga Forbeck"
"Moema Oliveira da Cunha"
"Celso Ferreira Lopes"
"Margarida"
"Durvalina"
"Paulo Francisco Arant Martins"
"Vanderley de Medeiros Carvalho"
"Jos\u00e9 de Oliveira"
"Itamar Rivoredo Kunert"
"Candida Ferreira Vieira"
"Joselina Avelar Vieira"
"Virgilina Jonas Chagas"
"PEDRO PAULO BEZERRA"
"Romildo Manoel Cordeiro de Souza"
"Viviane Maria vilhena Pinto"
"Jorge Alves Paes"
"Am\u00f4ncio Soares da Silva Junior"
"Zilma Diana Quadros"
"Pedro Carlos de Oliveira Cardoso Junior"
"CICERO ANTONIO MAGALH\u00e3ES TEIXEIRA"
"Osvaldino Ribeiro de Miranda"
"Jac\u00f3 Santos S\u00e3o Miguel"
"Assu\u00e9cio Ferraz de Ara\u00fajo Guimar\u00e3es"
"Marcos Renam madeira"
"Joaquim Augusto Vieira"
"Hermes Gon\u00e7alves Cabral"
"Carlos - 11 anos"
"Jos\u00e9 Bertoldo"
"Gilberto Barbosa  da Fonseca"
"Narciso Alves de MOraes"
"luis paulo fernandes pinheiro"
"Carlos Marques Firme"
"Fladem\u00e1rio Pinto Neves"
"maria eliza zenelatto"
"FRANCILENE ARAUJO DOS SANTOS"
"LILENE GOMES DA SILVA"
"Ariovaldo Thibas 34"
"daladi\u00ea carvalho de souza"
"Janete Vieira de Souza"
"Antonio Estaquio Cardoso"
"Jos\u00e9 Pereira da Cruz"
"Helo\u00edsa da Silva Freire"
"Gess\u00e9 Alves da Silva"
"LU\u00cdS SILVA MELO"
"Jo\u00e3o Ferreira Brito"
"Edson Hiromi It\u00e1o"
"Luiz Fernando Shuchovski"
"Isabel Cristina B. Froz"
"Consuelo Leoposo"
"Edsom Silva"
"Aurelino Almeida Santos"
"Maria Ines Ferreira de Moura"
"Di\u00f3genes Nunes de Souza"
"Marco Antonio Perin"
"Jose Benedito do Amaral Rocha"
"Rosenvol de Avila e Silva"
"ant\u00f4nio rodrigues de souza"
"h\u00e9lio de oliveira pinto"
"antonio candido andrade filho"
"francisco petelinca"
"josette moreira calos"
"Severino Ten\u00f3rio Rocha"
"juarez delfino filho"
"h\u00e9lio fonseca de souza"
"Jos\u00e9 Olimpio paulino"
"Edvaldo Gomes Bezerra Damasceno"
"MANSUR MAVAS CASTRO"
"Luiz Antonio de S\u00e1"
"Jo\u00e3o Luiz de Oliveira"
"Artur fabr\u00edcio de Moura"
"Carlos Roberto Fidelis"
"Nazar\u00e9 Lopes da Silva"
"Cl\u00e1udia Andr\u00e9a Paes"
"Fermiano Manoel Lopes"
"JOSE DE ARIMATEIA CHAVES"
"Jos\u00e9 Vitirino Andrade"
"Valder Oliveira Braga"
"Jos\u00e9 Gerardo Gon\u00e7alves Carvalho"
"Jos\u00e9 Martins de Souza"
"Heber Gon\u00e7alves de Souza"
"Irene Rodrigues de Mata"
"luiz carlos dos santos"
"Jo\u00e3o Pinto de Melo Filho"
"Norma Barbosa Corr\u00eaa Jung"
"Jos\u00e9 Alves de Castro"
"VANIA LUCIA EVANGELISTA"
"ADEVAIR FRANCISCO DA SILVA"
"Rog\u00e9rio D. Severo - 29"
"ANTONIO VIEIRA"
"Raimundo Nonato Monteiro"
"REYNALDO VILELA DE MAGALH\u00c3ES"
"LUIZ ALVES CUST\u00d3DIO"
"BOANEGES RODRIGUES CO\u00caLHO"
"JUAREZ ARAUJO DOS SANTOS"
"maria benedita concei\u00e7\u00e3o da silva"
"osvaldo janier ostertag"
"VALDETE BIONDO DE TONI"
"PEDRO VIDAL DE NOGUEIRA"
"AGLAUROS MARQUES - GLAUDE"
"NILADYR NEVES"
"Antonio Preste de Castro"
"CARLOS ABI-JAUDI"
"IVO JOSEDE O. M. DE MOURA"
"Edmilson Soares Teles"
"Rita Oliveira Silva"
"PAULO JOS\u00c9 GOMES DE SOUZA"
"francisco de assis costa cavalcante\nLOCALIZA\ufffd\ufffdO\n\n     MUNICIPIO: FORTALEZA                        UF: CE   CEP: 60000\nCAT\ufffdLOGO\n\n     POLITICA NACIONAL DE SAUDE, DIREITO - ORGANIZA\ufffd\ufffdO DO ESTADO.\nINDEXA\ufffd\ufffdO\n\n     DIREITOS HUMANOS.\n     ESTERILIZA\ufffd\ufffdO (CONTRARIO).\nSUGEST\ufffdO\n\n     Rio Claro, S. Paulo, considerada a capital da esteriliza\ufffd\ufffdo no\n     Brasil.\n     Dados Estat\ufffdsticos indicam que 38,8 % de mulheres entre 15 e 49  anos\n     est\ufffdo esterilizados, assim como 10% dos homens; casais 44,44%, pelo\n     menos um dos parceiros foi esterilizado.\n     \ufffd uma verdadeira \"epidemia\" que acontece nos bairros pobres.\n     Tudo isso est\ufffd sendo poss\ufffdvel gra\ufffdas aos financiamentos que\n     \"organismos internacionais\" concederam a cl\ufffdnicas de \"planejamentos\n     familiar\", no Brasil.\n     A Association for Voluntary Esterilization fornece recursos a BENFAM\n     ou a CEPAINC, al\ufffdm de equipamentos cir\ufffdrgicos, medicamentos e coisas\n     do g\ufffdnero.\n     Seria \ufffdtimo, seria honesto o povo brasileiro ser respeitado, ser dono\n     de sua pr\ufffdpria vida, ter seus direitos respeitados.\n     Seria maravilhoso ver e sentir o povo brasileiro \"pensando\",\n     quebrando os cord\ufffdes que os transformam em marionetes.\n     Pensar \ufffd um direito de todos, e esse \"direito\" deve \"estar presente\"\n     e vigorar realmente na pr\ufffdxima constitui\ufffd\ufffdo"
"Jeferson R. Pereira\nENDERE\ufffdO\n\n     Av. Paran\ufffd 71\nLOCALIZA\ufffd\ufffdO\n\n     MUNICIPIO: CARAGUATATUBA                    UF: SP   CEP: 11660\nDADOS PESSOAIS\n\n     SEXO        : 01 - MASCULINO\n     MORADOR     : 02 - ZONA URBANA\n     INSTRU\ufffd\ufffdO   : 03 - PRIMEIRO GRAU COMPLETO\n     ESTADO CIVIL: 01 - SOLTEIRO\n     FAIXA ET\ufffdRIA: 01 - 10 A 14 ANOS\n     FAIXA RENDA : 08 - SEM RENDIMENTO\nDESTINAT\ufffdRIO\n\n     RENATO CORDEIRO\nCAT\ufffdLOGO\n\n     POLITICA AGRICOLA, POLITICA EDUCACIONAL, ADMINISTRA\ufffd\ufffdO DE\n     PESSOAL - SERVI\ufffdO PUBLICO.\nINDEXA\ufffd\ufffdO\n\n     REMUNERA\ufffd\ufffdO.\n     ESCOLA PUBLICA.\n     PEQUENO PRODUTOR.\n     REPRESENTATIVIDADE ESTUDANTIL.\nSUGEST\ufffdO\n\n     Em primeiro lugar, queria que as f\ufffdrias de julho demorassem um pouco\n     mais pois s\ufffdo apenas 18 dias de f\ufffdrias.\n     O aumento do funcionalismo p\ufffdblico e que melhorassem as escolas\n     p\ufffdblicas e aos pequenos agricultores.\n     Tamb\ufffdm acabar ou seja dar um jeito nesta falta de carne.\n     E que os alunos tivessem direitos ou seja que pudessem debater com os\n     diretores, porque os representantes de classe que se d\ufffdo como se\n     fossem os maiores e s\ufffdo uns puxa saco da dire\ufffd\ufffdo"
"marildo domingos felippi\nENDERE\ufffdO\n\n     r. s\ufffdo bernado, s/n\nLOCALIZA\ufffd\ufffdO\n\n     MUNICIPIO: RIO DOS CEDROS                   UF: SC   CEP: 89121\nDADOS PESSOAIS\n\n     SEXO        : 01 - MASCULINO\n     MORADOR     : 01 - ZONA RURAL\n     INSTRU\ufffd\ufffdO   : 06 - SUPERIOR INCOMPLETO\n     ESTADO CIVIL: 01 - SOLTEIRO\n     FAIXA ET\ufffdRIA: 03 - 20 A 24 ANOS\n     FAIXA RENDA : 04 - MAIS DE 03 A 05 S.M.\n     ATIVIDADE   : 07 - ADMINISTRA\ufffd\ufffdO P\ufffdBLICA\nCAT\ufffdLOGO\n\n     POLITICA - ESTRUTURA DO ESTADO.\n     REPRESENTATIVIDADE.\nSUGEST\ufffdO\n\n     Constitui\ufffd\ufffdo \ufffd a carta que rege a conduta de um povo ou a conduta de\n     todos os segmentos da sociedade, desde a classe abastarda at\ufffd a menos\n     favorecida.\n     Ent\ufffdo porque ela n\ufffdo ser feita por pessoas que comp\ufffdem estes\n     segmentos espec\ufffdficos, \ufffdbvio, profundos conhecedores dos problemas de\n     seu segmento e serem eleitos sem v\ufffdnculo partid\ufffdrio e reunir-se\n     separadamente do Congresso Nacional.\n     Isto \ufffd, a Constituinte ser elaborada, por exemplo, por um\n     representante da mulher, dos sem terras, dos oper\ufffdrios, dos\n     industriais, dos negros, etc.\n     Assim como est\ufffd sendo elaborada, haver\ufffd segmentos da sociedade\n     financiando a troco de legisla\ufffd\ufffdo favor\ufffdvel, e isto \ufffd t\ufffdo verdade que\n     a companhia onde trabalho financiar\ufffd tamb\ufffdm outras  elei\ufffd\ufffdes; e\n     tamb\ufffdm os pol\ufffdticos n\ufffdo legislariam desfavoravelmente a suas causas\n     mesmo sendo coerente estas causas.\n     Sou professor, como fun\ufffd\ufffdo secund\ufffdria, gostaria de resposta, para me\n     convencer que realmente esta Constitui\ufffd\ufffdo \ufffd o espelho da vontade do\n     nosso povo de um pa\ufffds, que desejo ajudar a crescer"
"Vanderleia Tolentino dos Santos\nENDERE\ufffdO\n\n     Rua Professor Jos\ufffd Secundino no. 7\nLOCALIZA\ufffd\ufffdO\n\n     MUNICIPIO: PATOS DE MINAS                   UF: MG   CEP: 38700\nDADOS PESSOAIS\n\n     SEXO        : 02 - FEMININO\n     MORADOR     : 02 - ZONA URBANA\n     INSTRU\ufffd\ufffdO   : 04 - SEGUNDO GRAU INCOMPLETO\n     ESTADO CIVIL: 01 - SOLTEIRA\n     FAIXA ET\ufffdRIA: 02 - 15 A 19 ANOS\n     FAIXA RENDA : 01 - AT\ufffd 1 SAL\ufffdRIO M\ufffdNIMO\n     ATIVIDADE   : 11 - OUTRAS ATIVIDADES\nCAT\ufffdLOGO\n\n     POLITICA - ESTRUTURA DO ESTADO, ORGANIZA\ufffd\ufffdO SOCIAL,\n     ADMINISTRA\ufffd\ufffdO DE PESSOAL - SERVI\ufffdO PUBLICO, POLITICA\n     EDUCACIONAL.\nINDEXA\ufffd\ufffdO\n\n     REFORMA DO ENSINO.\n     REMUNERA\ufffd\ufffdO.\n     ASSISTENCIA AO JOVEM.\n     ATIVIDADE POLITICA.\nSUGEST\ufffdO\n\n     Minha sugest\ufffdo \ufffd preciso mudar o ensino, aumentar o sal\ufffdrio de todos\n     os funcion\ufffdrios, dar mais aten\ufffd\ufffdo aos jovens, porque os jovens s\ufffdo\n     desvalorizados,. por isso s\ufffdo desligados da pol\ufffdtica.\n     Os pol\ufffdticos devem cumprir sua palavra. Porque eles prometem guando\n     est\ufffdo querendo o voto depois que ganham, eles esquecem de todas as\n     promessas"
"Bete de Souza\nENDERE\ufffdO\n\n     Cev Bevenuto Bagnara, 398- J. Zaria Mauas. P.\nLOCALIZA\ufffd\ufffdO\n\n     MUNICIPIO: S\ufffdO PAULO                        UF: SP   CEP: 01000\nDADOS PESSOAIS\n\n     SEXO        : 02 - FEMININO\n     MORADOR     : 02 - ZONA URBANA\n     INSTRU\ufffd\ufffdO   : 04 - SEGUNDO GRAU INCOMPLETO\n     ESTADO CIVIL: 01 - SOLTEIRA\n     FAIXA ET\ufffdRIA: 02 - 15 A 19 ANOS\n     FAIXA RENDA : 01 - AT\ufffd 1 SAL\ufffdRIO M\ufffdNIMO\n     ATIVIDADE   : 04 - OUTRAS ATIVIDADES INDUSTRIAIS\nCAT\ufffdLOGO\n\n     POLITICA TRABALHISTA, POLITICA NACIONAL DE SAUDE, POLITICA\n     AGRICOLA, POLITICA EDUCACIONAL, ORGANIZA\ufffd\ufffdO SOCIAL, POLITICA\n     - ESTRUTURA DO ESTADO, DIREITO - ORGANIZA\ufffd\ufffdO DO ESTADO.\nINDEXA\ufffd\ufffdO\n\n     ASSEMBLEIA NACIONAL CONSTITUINTE, REPRESENTATIVIDADE.\n     SEGURAN\ufffdA PUBLICA.\n     ENSINO.\n     SOCIALISMO.\n     REFORMA AGRARIA.\n     ENSINO SUPLETIVO.\n     SAUDE PUBLICA.\n     SALARIO.\n     ELEI\ufffd\ufffdO DIRETA (FAVORAVEL).\nSUGEST\ufffdO\n\n     Eu gostaria que esta Constituinte fosse feita por representante\n     classes, oper\ufffdrios, artistas, comerciantes, mas n\ufffdo puxa-saco\n     ourica\ufffdo. Tem que gente da maioria,\"os pobres\",e n\ufffdo s\ufffd ela classe\n     dominante.\n     Esta Constituinte tem que ver a seguran\ufffda do povo, educa\ufffd\ufffdo do povo,\n     o socialismo, todos iguais, nenhum melhor que outro, nem milion\ufffdrio e\n     nem mendigos, ver a reforma agr\ufffdria. Abertura de novas Universidades\n     Estaduais. Sa\ufffdde, porque o INAMPS n\ufffdo d\ufffd. Porque marcar uma consulta\n     para a daqui 3 meses, se a pessoa t\ufffd ruim agora \ufffd demais, os\n     transportes. Enfim, mais democracia, direito de luta por melhores\n     sal\ufffdrios, sem ser julgada ilegal.\n     Se for dar sugest\ufffdo necess\ufffdria, esse espa\ufffdo n\ufffdo d\ufffd. Resumindo:\n     Constituintes, fa\ufffdam alguma coisa por n\ufffds, a burguesia e o clero\n     continuam, n\ufffds tamb\ufffdm queremos participar do governo. Pense no pov\ufffdo.\n     \ufffd diretas j\ufffd. Democracia. Mostre a verdadeira nova Rep\ufffdblica que\n     Tancredo queria que fosse, abaixo o militarismo que desgra\ufffdou durante\n     20 anos de totalitarismo.\n     \"O dia que o povo levantar, o Brasil vai pra frente, mas enquanto\n     estiver de joelho, eles \ufffd que enriquessem."
"LEANDRO NEUHAUS\nENDERE\ufffdO\n\n     CORB\ufffdLIA SAMAMBAIAL\nLOCALIZA\ufffd\ufffdO\n\n     MUNICIPIO: CORBELIA                         UF: PR   CEP: 85810\nDADOS PESSOAIS\n\n     SEXO        : 01 - MASCULINO\n     MORADOR     : 01 - ZONA RURAL\n     INSTRU\ufffd\ufffdO   : 02 - PRIMEIRO GRAU INCOMPLETO\n     ESTADO CIVIL: 01 - SOLTEIRO\n     FAIXA ET\ufffdRIA: 01 - 10 A 14 ANOS\n     FAIXA RENDA : 08 - SEM RENDIMENTO\nDESTINAT\ufffdRIO\n\n     ALVARO DIAS\nCAT\ufffdLOGO\n\n     POLITICA PREVIDENCIARIA, POLITICA FINANCEIRA, POLITICA\n     AGRICOLA, POLITICA ECONOMICA, DIREITO - ORGANIZA\ufffd\ufffdO DO ESTADO,\n     POLITICA - ESTRUTURA DO ESTADO.\nINDEXA\ufffd\ufffdO\n\n     SUBSIDIOS.\n     CAMARA MUNICIPAL.\n     ATIVIDADE PARLAMENTAR.\n     TABELAMENTO DE PRE\ufffdOS (FAVORAVEL).\n     POLITICA DE PRE\ufffdOS, PRODU\ufffd\ufffdO AGRICOLA, PRODU\ufffd\ufffdO ANIMAL.\n     PENA DE MORTE (FAVORAVEL).\n     OBRA PUBLICA, OR\ufffdAMENTO MUNICIPAL.\n     ASSISTENCIA MEDICA.\n     REFORMA AGRARIA (FAVORAVEL).\nSUGEST\ufffdO\n\n     Diminui\ufffd\ufffdo dos sal\ufffdrios do deputados, senadores,ministros e outros.\n     Diminui\ufffd\ufffdo de vereadores em cada regi\ufffdo. Mais apresenta\ufffd\ufffdo no\n     trabalho de vereadores, deputados e outros\n     Tabelamento das roupas, cal\ufffdados, venenos e t\ufffdxicos.\n     Aumento do pre\ufffdo da venda de produtos do agricultor, agrop\ufffdcuarios e\n     outros. Porque no pre\ufffdo que seja o milho, arroz, feij\ufffdo , trigo e\n     outros produtos, n\ufffdo d\ufffd nem para o pequeno agricultor comprar um\n     cal\ufffdado com um  s\ufffd saco de soja.\n     Aumento, principalmente, do milho, arroz, soja e outros produtos\n     porque da\ufffd, o nosso pa\ufffds n\ufffdo precisa de exportar esses produtos por\n     que todo o agricultor  plantar\ufffd mais esses produtos .\n     Pena de morte para os assassinos e ladr\ufffdes com mais de dez anos de\n     cadeia. N\ufffdo fazer todos os gosto do ladr\ufffdo de dar visitas aos\n     parentes\n     Mais aux\ufffdlio para as prefeituras arrumarem suas estradas, rua,\n     cal\ufffdadas, o vereador dever\ufffd olhar as cidades e munic\ufffdpios para\n     melhor\ufffd-las\n     E melhor atendimento m\ufffddico, e na reforma agr\ufffdria, temos que incluir\n     as fazendas de todos os ministros  e outros mandantes,\n     principalmente, o do Leonel Brizola"
"odail grando ramos\nENDERE\ufffdO\n\n     c. postal d 20 lages - sc\nLOCALIZA\ufffd\ufffdO\n\n     MUNICIPIO: LAGES                            UF: SC   CEP: 88500\nDADOS PESSOAIS\n\n     SEXO        : 01 - MASCULINO\n     INSTRU\ufffd\ufffdO   : 07 - SUPERIOR COMPLETO\n     ESTADO CIVIL: 02 - CASADO\n     FAIXA ET\ufffdRIA: 06 - 40 A 49 ANOS\n     FAIXA RENDA : 06 - MAIS DE 10 A 20 S.M.\n     ATIVIDADE   : 01 - AGROPECU\ufffdRIA,EXTR. VEG., PESCA\nCAT\ufffdLOGO\n\n     POLITICA - ESTRUTURA DO ESTADO, DIREITO - ORGANIZA\ufffd\ufffdO DO\n     ESTADO, POLITICA EDUCACIONAL, ORGANIZA\ufffd\ufffdO SOCIAL.\n     CONTROLE DE NATALIDADE (FAVORAVEL).\nINDEXA\ufffd\ufffdO\n\n     ENSINO, POPULA\ufffd\ufffdO DE BAIXA RENDA.\n     CRIMINOSO DE ALTA PERICULOSIDADE, PENA DE MORTE (FAVORAVEL).\n     SISTEMA POLICIAL.\n     IGREJA.\n     ATIVIDADE PARLAMENTAR, PARLAMENTAR.\nSUGEST\ufffdO\n\n     1- Para diminuir a viol\ufffdncia:\n     a) Controle rigoroso de natalidade. Educa\ufffd\ufffdo para o povo de baixa ou\n     nenhuma renda.\n     b) Pena de morter para casos violentos e ou reinscidentes.\n     c) Estrutura a pol\ufffdcia no combate ao crime.\n     d) Tirar fora da pol\ufffdcia os bandidos conhecidos (j\ufffd \ufffd um grande\n     passo).\n     2- Dar menos import\ufffdncia aos \"padres pol\ufffdticos\". (\ufffd igreja pol\ufffdtica).\n     3- Que os pol\ufffdticos tivessem um pouco mais de filosofia. Acho que\n     eles ainda n\ufffdo perceberam que o povo j\ufffd sabe, que pol\ufffdtico \ufffd pol\ufffdtico\n     hoje significa, interesse pessoal e comprometimento.(infelizmente).\n     Me desculpem os raros casos de exce\ufffd\ufffdo"
"mauri pedro fabri\nENDERE\ufffdO\n\n     trav. rodolpho rosenau 75\nLOCALIZA\ufffd\ufffdO\n\n     MUNICIPIO: CURITIBA                         UF: PR   CEP: 82000\nDADOS PESSOAIS\n\n     SEXO        : 01 - MASCULINO\n     MORADOR     : 02 - ZONA URBANA\n     INSTRU\ufffd\ufffdO   : 07 - SUPERIOR COMPLETO\n     ESTADO CIVIL: 02 - CASADO\n     FAIXA ET\ufffdRIA: 05 - 30 A 39 ANOS\n     FAIXA RENDA : 06 - MAIS DE 10 A 20 S.M.\n     ATIVIDADE   : 07 - ADMINISTRA\ufffd\ufffdO P\ufffdBLICA\nCAT\ufffdLOGO\n\n     POLITICA - ESTRUTURA DO ESTADO.\n     ESCOLARIDADE.\nINDEXA\ufffd\ufffdO\n\n     ATIVIDADE PARLAMENTAR.\nSUGEST\ufffdO\n\n     Exigir do parlamentar grau\n     de escolaridade compat\ufffdvel com o cargo eletivo que pretenda execer.\n     exemplo, - vereador - 2o. grau completo; -deputado estadual -\n     superior com forma\ufffd\ufffdo pol\ufffdtica; senador - superior com forma\ufffd\ufffdo\n     pol\ufffdtica.\n     Como tamb\ufffdm para os chefes dos poderes executivos.\n     - Acabar com os pagamentos para os parlamentares que n\ufffdo comparecem\n     \ufffds sess\ufffdes; - F\ufffdrias aos parlamentares igual a de um outro\n     trabalhador (trinta) dias"
"JACKSON EUDES GOMES DE CASTRO\nENDERE\ufffdO\n\n     AV 25 DE SETEMBRO, PASS. 3 IRM\ufffdO 14\nLOCALIZA\ufffd\ufffdO\n\n     MUNICIPIO: BELEM                            UF: PA   CEP: 66000\nDADOS PESSOAIS\n\n     SEXO        : 01 - MASCULINO\n     MORADOR     : 02 - ZONA URBANA\n     INSTRU\ufffd\ufffdO   : 06 - SUPERIOR INCOMPLETO\n     ESTADO CIVIL: 01 - SOLTEIRO\n     FAIXA ET\ufffdRIA: 04 - 25 A 29 ANOS\n     FAIXA RENDA : 08 - SEM RENDIMENTO\n     ATIVIDADE   : 11 - OUTRAS ATIVIDADES\nCAT\ufffdLOGO\n\n     ORGANIZA\ufffd\ufffdO SOCIAL.\n     MENOR CARENTE.\nSUGEST\ufffdO\n\n     N\ufffdo seria uma sugest\ufffdo, mas uma informa\ufffd\ufffdo de voc\ufffds; eu queria saber\n     sobre est\ufffdgio para a Camara Federal, para os estudantes\n     universit\ufffdrios nas \ufffdreas sociais; se eu n\ufffdo me engano \ufffd resolu\ufffd\ufffdo n.3\n     de 1982 que regula essa mat\ufffdria. Estou interessado, pois sou\n     acad\ufffdmico de direito, cursando o 7. semestre, na universsidade do\n     par\ufffd, UFP\ufffd.\n     Queria saber maiores detalhes caso fosse possivel. Sugest\ufffdo:\n     que a nova Constitui\ufffd\ufffdo seja mais complacente com o \"menor\n     abandonado\", pois \ufffd um problema muito s\ufffdrio no Brasil, causando um\n     terrivel problema social, onde se cria uma gera\ufffd\ufffdo sem a menor\n     expectativa de vida futura"
"Rog\ufffdrio Michel Nacif\nENDERE\ufffdO\n\n     Rua Lafaete Sabido, 138/101\nLOCALIZA\ufffd\ufffdO\n\n     MUNICIPIO: MANHUA\ufffdU                         UF: MG   CEP: 36900\nDADOS PESSOAIS\n\n     SEXO        : 01 - MASCULINO\n     MORADOR     : 02 - ZONA URBANA\n     INSTRU\ufffd\ufffdO   : 07 - SUPERIOR COMPLETO\n     ESTADO CIVIL: 02 - CASADO\n     FAIXA ET\ufffdRIA: 05 - 30 A 39 ANOS\n     FAIXA RENDA : 06 - MAIS DE 10 A 20 S.M.\n     ATIVIDADE   : 11 - OUTRAS ATIVIDADES\nCAT\ufffdLOGO\n\n     POLITICA PREVIDENCIARIA, POLITICA - ESTRUTURA DO ESTADO,\n     DIREITO - ORGANIZA\ufffd\ufffdO DO ESTADO.\nINDEXA\ufffd\ufffdO\n\n     DECRETO-LEI, PRESIDENTE DA REPUBLICA.\n     ATIVIDADE PARLAMENTAR.\n     APOSENTADORIA, CONTRIBUI\ufffd\ufffdO PREVIDENCIARIA.\nSUGEST\ufffdO\n\n     1- Acabar com o pprivil\ufffdgio do Presidente governar usando decreto\n     lei.\n     2- Presen\ufffda obrigat\ufffdria do Parlamentares para vota\ufffd\ufffdo  dos projetos-\n     leis.\n     3- Aposentadoria da mulher com 25 anos de contribui\ufffd\ufffdo para a\n     previd\ufffdncia"
"M\ufffdnica G. Sorim\nENDERE\ufffdO\n\n     Rua Venceslau Br\ufffdz 155\nLOCALIZA\ufffd\ufffdO\n\n     MUNICIPIO: BLUMENAU                         UF: SC   CEP: 89035\nDADOS PESSOAIS\n\n     SEXO        : 02 - FEMININO\n     MORADOR     : 02 - ZONA URBANA\n     INSTRU\ufffd\ufffdO   : 05 - SEGUNDO GRAU COMPLETO\n     ESTADO CIVIL: 02 - CASADA\n     FAIXA ET\ufffdRIA: 07 - 50 A 59 ANOS\nCAT\ufffdLOGO\n\n     POLITICA ENERGETICA, POLITICA TRABALHISTA, ORGANIZA\ufffd\ufffdO SOCIAL,\n     DIREITO - ORGANIZA\ufffd\ufffdO DO ESTADO.\nINDEXA\ufffd\ufffdO\n\n     POLITICA SALARIAL, SALARIO MINIMO.\n     CENSURA.\n     MORAL SOCIAL.\n     PORNOGRAFIA.\n     CINEMA, SEXO.\n     ENERGIA NUCLEAR, USINA DE ENERGIA.\n     TRABALHO DO PRESIDIARIO, PRESIDIARIO.\n     DONA DE CASA, APOSENTADORIA.\nSUGEST\ufffdO\n\n     Sr. Presidente Jos\ufffd Sarney.\n     Os Ministros e os Deputados, eles tem muitas terras sem cultivar\n     porque eles n\ufffdo ajudam os pobres que n\ufffdo tem?\n     Eu n\ufffdo acho justo o sal\ufffdrio de 800 cruzados, deveria ser pelo menos\n     2.500 cruzados. Eu sou muito contra o fio dental, onde est\ufffd o\n     respeito humano? Deveria ser proibido o fio dental, revistas\n     pornogr\ufffdficas e filmes sobre sexo; todas estas coisas s\ufffdo as\n     causadoras da destrui\ufffd\ufffdo de casais e fam\ufffdlias.\n     N\ufffdo devia existir usina nuclear no Brasil e nem em outros pa\ufffdses,\n     pode ser a destrui\ufffd\ufffdo da humanidade.\n     Os criminosos s\ufffdo parasitas do Brasil. O criminoso n\ufffdo devia ir para\n     a cadeia na minha opini\ufffdo, pois ele n\ufffdo tem o que fazer, fica cada\n     vez mais revoltado. Devia trabalhar o dia inteiro sobre rigorosa\n     fiscaliza\ufffd\ufffdo.\n     Outra: aposentadoria das donas de casa"
"LUCIA BITTENCOURT RIBEIRO\nENDERE\ufffdO\n\n     R PARA 352\nLOCALIZA\ufffd\ufffdO\n\n     MUNICIPIO: CATANDUVA                        UF: SP   CEP: 15800\nDADOS PESSOAIS\n\n     SEXO        : 02 - FEMININO\n     MORADOR     : 02 - ZONA URBANA\n     INSTRU\ufffd\ufffdO   : 07 - SUPERIOR COMPLETO\n     ESTADO CIVIL: 02 - CASADA\n     FAIXA ET\ufffdRIA: 07 - 50 A 59 ANOS\n     ATIVIDADE   : 01 - AGROPECU\ufffdRIA,EXTR. VEG., PESCA\nCAT\ufffdLOGO\n\n     DIREITO - ORGANIZA\ufffd\ufffdO DO ESTADO, POLITICA - ESTRUTURA DO\n     ESTADO, TELECOMUNICA\ufffd\ufffdES, POLITICA AGRICOLA, POLITICA\n     PREVIDENCIARIA, ORGANIZA\ufffd\ufffdO SOCIAL.\nINDEXA\ufffd\ufffdO\n\n     ABORTO.\n     LEGISLA\ufffd\ufffdO.\n     ATIVIDADE POLITICA.\n     TELEVIS\ufffdO.\n     AGRICULTURA.\n     PLANEJAMENTO AGRICOLA.\n     FUNRURAL.\nSUGEST\ufffdO\n\n     Como seria bom podermos acreditar na pol\ufffdtica e nos deputados.\n     Contra a lei do aborto.\n     Leis mais justas come\ufffdando a moraliza\ufffd\ufffdo de cima para baixo.\n     Contra lei de aposentadoria para deputados e senadores. Quando\n     aposentar, deve ser em suas profiss\ufffdes.\n     Contra sess\ufffdes extraordin\ufffdrias na c\ufffdmara quando nas ordin\ufffdrias os\n     deputados quase n\ufffdo aparecem, principalmente agora, quando fazem suas\n     propagandas eleitorais.\n     Moraliza\ufffd\ufffdo nas televis\ufffdes, pois temos assistido \ufffd exalta\ufffd\ufffdo da\n     desagrega\ufffd\ufffdo da fam\ufffdlia, para n\ufffdo falarmos mais nas imoralidades e\n     explora\ufffd\ufffdo da mulher.\n     Maior aten\ufffd\ufffdo \ufffd agricultura, incentivando as planta\ufffd\ufffdes com pre\ufffdos\n     justos. Tem havido desestimula\ufffd\ufffdo.\n     Previs\ufffdo e programa\ufffd\ufffdo nas culturas, pois quando certo setor est\ufffd\n     sendo bem sucedido (como a laranja nesses anos atr\ufffds), tem havido\n     planta\ufffd\ufffdo em excesso. (como aconteceu com o caf\ufffd, antigamente).\n     O funrural n\ufffdo tem dado o atendimento hospitalar que o trabalhador\n     rural tem direito, pois ele \ufffd internado como indigente e sempre paga\n     com anteced\ufffdncia. N\ufffdo tem nem os direitos do INPS"
"FABIANA GOMES RODRIGUES\nENDERE\ufffdO\n\n     RUA B NO.376 BAIXA VERDE\nLOCALIZA\ufffd\ufffdO\n\n     MUNICIPIO: DIONISIO                         UF: MG   CEP: 35984\nDADOS PESSOAIS\n\n     SEXO        : 02 - FEMININO\n     MORADOR     : 01 - ZONA RURAL\n     INSTRU\ufffd\ufffdO   : 02 - PRIMEIRO GRAU INCOMPLETO\n     ESTADO CIVIL: 01 - SOLTEIRA\n     FAIXA ET\ufffdRIA: 01 - 10 A 14 ANOS\n     FAIXA RENDA : 08 - SEM RENDIMENTO\nCAT\ufffdLOGO\n\n     POLITICA PREVIDENCIARIA, DIREITO - ORGANIZA\ufffd\ufffdO DO ESTADO,\n     ORGANIZA\ufffd\ufffdO SOCIAL.\n     ASSISTENCIA AO MENOR.\nINDEXA\ufffd\ufffdO\n\n     ASSISTENCIA AO JOVEM.\n     SISTEMA PENITENCIARIO.\n     MUNICIPIOS, ASSISTENCIA MEDICA.\nSUGEST\ufffdO\n\n     Uma lei que d\ufffd abrigo, escola e comida ao menor abandonado e que n\ufffdo\n     s\ufffd o fato de existir a lei, mas que ela seja cumprida.\n     Melhor apoio a jovens artistas principalmente os que est\ufffdo come\ufffdando\n     carreiras.\n     Melhor comida para os presos.\n     Maior assist\ufffdncia m\ufffddica para munic\ufffdpios e lugares mais afastados"
"RENATA EMILIA DE SOUZA\nENDERE\ufffdO\n\n     RUA BOA ESPERAN\ufffdA 469\nLOCALIZA\ufffd\ufffdO\n\n     MUNICIPIO: ILICINEA                         UF: MG   CEP: 37175\nDADOS PESSOAIS\n\n     SEXO        : 02 - FEMININO\n     MORADOR     : 02 - ZONA URBANA\n     INSTRU\ufffd\ufffdO   : 04 - SEGUNDO GRAU INCOMPLETO\n     ESTADO CIVIL: 01 - SOLTEIRA\n     FAIXA ET\ufffdRIA: 02 - 15 A 19 ANOS\n     FAIXA RENDA : 01 - AT\ufffd 1 SAL\ufffdRIO M\ufffdNIMO\n     ATIVIDADE   : 11 - OUTRAS ATIVIDADES\nCAT\ufffdLOGO\n\n     ORGANIZA\ufffd\ufffdO SOCIAL, POLITICA EDUCACIONAL, POLITICA\n     PREVIDENCIARIA, DIREITO - ORGANIZA\ufffd\ufffdO DO ESTADO.\nINDEXA\ufffd\ufffdO\n\n     PENA DE MORTE (FAVORAVEL).\n     MAIORIDADE.\n     MUNICIPIOS, INAMPS.\n     ENSINO SUPERIOR.\n     CRECHE.\nSUGEST\ufffdO\n\n     \ufffd necess\ufffdrio que conste em algum artigo a exist\ufffdncia da pena de morte\n     no Brasil para diminuir os abusos, os marginais e assaltantes, e\n     diminuir a faixa de idade, ao inv\ufffds de ser maior c/ 18 anos, diminuir\n     a maioridade para 16, para diminuir o n\ufffdmero de trombadinhas.\n     \ufffd urgente colocar uma sede do INAMPS no interior, pois as cidades\n     pagam, o povo sofre para pagar o INPS e n\ufffdo tem condi\ufffd\ufffdes de receber\n     seus benef\ufffdcios.\n     As universidades devem ser espalhadas pelo interior, visto que h\ufffd\n     candidatos, mas sem condi\ufffd\ufffdes, por v\ufffdrios problemas de estudarem em\n     cidades vizinhas.\n     Deve, tamb\ufffdm, haver o funcionamento, a abertura de creches no\n     interior. \ufffd necess\ufffdrio, e muito; as crian\ufffdas sofrem e o povo n\ufffdo quer\n     isso. Esperamos que a Constituinte nos ajude"
"LUIZ FERREIRA COSTA\nENDERE\ufffdO\n\n     RUA JO\ufffdO ADOLFO MULLER 305 BAIRRO COSTA E SILVA\nLOCALIZA\ufffd\ufffdO\n\n     MUNICIPIO: BOA VISTA (JOINVILE)             UF: SC   CEP: 89200\nDADOS PESSOAIS\n\n     SEXO        : 01 - MASCULINO\n     MORADOR     : 02 - ZONA URBANA\n     INSTRU\ufffd\ufffdO   : 06 - SUPERIOR INCOMPLETO\n     ESTADO CIVIL: 05 - OUTROS\n     FAIXA ET\ufffdRIA: 05 - 30 A 39 ANOS\n     FAIXA RENDA : 06 - MAIS DE 10 A 20 S.M.\n     ATIVIDADE   : 11 - OUTRAS ATIVIDADES\nDESTINAT\ufffdRIO\n\n     PEDRO COLIN\nCAT\ufffdLOGO\n\n     POLITICA EDUCACIONAL.\nINDEXA\ufffd\ufffdO\n\n     CURRICULO ESCOLAR, ENSINO SUPERIOR.\nSUGEST\ufffdO\n\n     Unifica\ufffd\ufffdo, a n\ufffdvel nacional, dos curr\ufffdculos dos cursos\n     universit\ufffdrios.  Cada curso, com as mat\ufffdrias b\ufffdsicas por \ufffdrea, deve\n     ter o mesmo curr\ufffdculo, com as mesmas cargas hor\ufffdrias.\n     O que poderia variar seriam algumas mat\ufffdrias de ordem regional de\n     \ufffdrea.\n     Cito o meu caso: estudei na UFSC (FPOLI-SC), na FUOC em Joacaba-SC,\n     na UFRN em Currais Novos RNE. Agora, na FURJ, em Joinville, em\n     nenhuma delas, o curr\ufffdculo do curso de Administra\ufffd\ufffdo \ufffd igual, quer\n     seja no m\ufffdtodo de avalia\ufffd\ufffdo ou no modo de estudo por semestre e por\n     ano"
"ZLINDA PIVA PIROTO\nENDERE\ufffdO\n\n     RUA TIRADENTES 921\nLOCALIZA\ufffd\ufffdO\n\n     MUNICIPIO: DOIS CORREGOS                    UF: SP   CEP: 17300\nDADOS PESSOAIS\n\n     SEXO        : 02 - FEMININO\n     MORADOR     : 01 - ZONA RURAL\n     INSTRU\ufffd\ufffdO   : 05 - SEGUNDO GRAU COMPLETO\n     ESTADO CIVIL: 02 - CASADA\n     FAIXA ET\ufffdRIA: 07 - 50 A 59 ANOS\n     FAIXA RENDA : 04 - MAIS DE 03 A 05 S.M.\nCAT\ufffdLOGO\n\n     POLITICA TRABALHISTA, POLITICA PREVIDENCIARIA.\nINDEXA\ufffd\ufffdO\n\n     PENS\ufffdO PREVIDENCIARIA, CATEGORIA PROFISSIONAL.\nSUGEST\ufffdO\n\n     Na nova constituinte deveria ser promulgada uma lei que fosse vigente\n     em todo Pa\ufffds na qual os Prof.I aposentados em jornada Parcial de\n     Trabalho Docente at\ufffd 1983 deveriam ter seus vencimentos equiparados\n     aos de Prof.I aposentados em jornada integral, de acordo com o padr\ufffdo\n     de aposentadoria, pois pela L.C. 180/78 que passou a vigorar em\n     mar\ufffdo, na qual houve a aportunidade dos professores dobrarem o\n     per\ufffdodo, muitos de n\ufffds n\ufffdo tivemos chance de faz\ufffd-lo devido no. de\n     pontos, ou por ser professor de escola isolada (a qual na \ufffdpoca n\ufffdo\n     poderia fazer op\ufffd\ufffdo para jornada integral, ou porque n\ufffdo havia vagas\n     na unidade escolar na qual era lotado.\n     Na \ufffdpoca s\ufffd se podia integrar se tivesse vaga na UF em que tinha\n     sede de controle e frequ\ufffdncia. Fomos praticamente for\ufffdados a\n     aposentarmos em jornada parcial ganhando muito pouco e sentimo-nos\n     injusti\ufffdados. Com isso, pois, n\ufffdo tivemos chance de integrarmos"
"Maria das Dores Bonfim\nENDERE\ufffdO\n\n     Fazenda Nova\nLOCALIZA\ufffd\ufffdO\n\n     MUNICIPIO: JUNDIA                           UF: AL   CEP: 57965\nDADOS PESSOAIS\n\n     SEXO        : 02 - FEMININO\n     MORADOR     : 01 - ZONA RURAL\n     INSTRU\ufffd\ufffdO   : 02 - PRIMEIRO GRAU INCOMPLETO\n     ESTADO CIVIL: 01 - SOLTEIRA\n     FAIXA ET\ufffdRIA: 02 - 15 A 19 ANOS\n     FAIXA RENDA : 08 - SEM RENDIMENTO\nDESTINAT\ufffdRIO\n\n     GERALDO BULH\ufffdES\nCAT\ufffdLOGO\n\n     POLITICA TRABALHISTA, POLITICA NACIONAL DE SAUDE, POLITICA\n     EDUCACIONAL, DIREITO - ORGANIZA\ufffd\ufffdO DO ESTADO.\nINDEXA\ufffd\ufffdO\n\n     MUNICIPIOS, SISTEMA EDUCACIONAL, SAUDE PUBLICA.\n     DIREITOS E GARANTIAS INDIVIDUAIS.\n     SALARIO MINIMO.\nSUGEST\ufffdO\n\n     Lembre-se que todos Munic\ufffdpios deve ter uma Escola de 1o. e 2o. grau\n     e tamb\ufffdm um hospital com todos equipamentos, com m\ufffddicos e\n     enfermeiras.\n     Trabalho para os negros e os \ufffdndios, que eles tenham sa\ufffdde, educa\ufffd\ufffdo\n     e terra para trabalhar.\n     O sal\ufffdrio m\ufffdnimo de dez mil cruzados.\n     O povo tem que ser unido e vencer os poderosos e os machantes"
"Frank Rog\ufffdrio Vasconcelos de Ver\ufffdosa\nENDERE\ufffdO\n\n     Rua do Com\ufffdrcio 242\nLOCALIZA\ufffd\ufffdO\n\n     MUNICIPIO: JUNDIA                           UF: AL   CEP: 57965\nDADOS PESSOAIS\n\n     SEXO        : 01 - MASCULINO\n     MORADOR     : 02 - ZONA URBANA\n     INSTRU\ufffd\ufffdO   : 02 - PRIMEIRO GRAU INCOMPLETO\n     ESTADO CIVIL: 01 - SOLTEIRO\n     FAIXA ET\ufffdRIA: 01 - 10 A 14 ANOS\n     FAIXA RENDA : 08 - SEM RENDIMENTO\nDESTINAT\ufffdRIO\n\n     GERALDO BULH\ufffdES\nCAT\ufffdLOGO\n\n     POLITICA TRABALHISTA, POLITICA NACIONAL DE SAUDE, DIREITO -\n     ORGANIZA\ufffd\ufffdO DO ESTADO.\nINDEXA\ufffd\ufffdO\n\n     MUNICIPIOS, SAUDE PUBLICA.\n     POLITICA DE EMPREGO.\nSUGEST\ufffdO\n\n     A sa\ufffdde no Brasil \ufffd muito baixa. Muita gente precisa de cuidados\n     m\ufffddicos, principalmente nas Zonas Rurais vive doente muita gente.\n     Todo Munic\ufffdpio tem que ter hospitais, maternidades, escolas de 1o. e\n     2o. graus.\n     Todo Munic\ufffdpio tem que ter emprego para o povo que necessita\n     trabalhar, para alimentar sua fam\ufffdlia que muitas vezes n\ufffdo tem nem o\n     que comer"
"ANA P VELOSO SILVA\nENDERE\ufffdO\n\n     AV RIO VERMELHO 175\nLOCALIZA\ufffd\ufffdO\n\n     MUNICIPIO: BARRA DO TURVO                   UF: SP   CEP: 18340\nDADOS PESSOAIS\n\n     SEXO        : 02 - FEMININO\n     MORADOR     : 02 - ZONA URBANA\n     INSTRU\ufffd\ufffdO   : 05 - SEGUNDO GRAU COMPLETO\n     ESTADO CIVIL: 02 - CASADA\n     FAIXA ET\ufffdRIA: 03 - 20 A 24 ANOS\n     FAIXA RENDA : 04 - MAIS DE 03 A 05 S.M.\n     ATIVIDADE   : 11 - OUTRAS ATIVIDADES\nCAT\ufffdLOGO\n\n     POLITICA FINANCEIRA, POLITICA TRABALHISTA, DIREITO -\n     ORGANIZA\ufffd\ufffdO DO ESTADO.\nINDEXA\ufffd\ufffdO\n\n     FEBEM.\n     FUNABEM.\n     EMPREGUISMO.\n     TRABALHO DO MENOR.\n     MUNICIPIOS.\n     FISCALIZA\ufffd\ufffdO DOS GASTOS PUBLICOS.\nElimina\ufffd\ufffdo de \ufffdrg\ufffdos p\ufffdblicos, como: FEBEM-FUNABEM.\nSUGEST\ufffdO\n\n     Maior fiscaliza\ufffd\ufffdo do dinheiro p\ufffdblico e sua aplica\ufffd\ufffdo.\n     Aten\ufffd\ufffdo aos menores, dando-lhes condi\ufffd\ufffdes de trabalhos.\n     Apoio aos pequenos munic\ufffdpios nas \ufffdreas da: educa\ufffd\ufffdo, sa\ufffdde,\n     alimenta\ufffd\ufffdo, agricultura.\n     Tirar de seus cargos, governantes e funcion\ufffdrios fantasmas que\n     prejudicam \ufffd sociedade que est\ufffdo servindo"
"ISALTINA PIRES CARDOSO\nENDERE\ufffdO\n\n     RUA MANDAGUA\ufffdU no. 97 conj. lidoia\nLOCALIZA\ufffd\ufffdO\n\n     MUNICIPIO: LONDRINA                         UF: PR   CEP: 86030\nDADOS PESSOAIS\n\n     SEXO        : 02 - FEMININO\n     MORADOR     : 02 - ZONA URBANA\n     INSTRU\ufffd\ufffdO   : 05 - SEGUNDO GRAU COMPLETO\n     ESTADO CIVIL: 01 - SOLTEIRA\n     FAIXA ET\ufffdRIA: 05 - 30 A 39 ANOS\n     FAIXA RENDA : 08 - SEM RENDIMENTO\n     ATIVIDADE   : 05 - COM\ufffdRCIO DE MERCADORIAS\nCAT\ufffdLOGO\n\n     POLITICA AGRICOLA, POLITICA - ESTRUTURA DO ESTADO, DIREITO -\n     ORGANIZA\ufffd\ufffdO DO ESTADO.\nINDEXA\ufffd\ufffdO\n\n     CONGRESSO NACIONAL.\n     ATIVIDADE PARLAMENTAR.\n     ESTRANGEIRO.\n     REFORMA AGRARIA (FAVORAVEL).\nSUGEST\ufffdO\n\n     1) Diminuir deputados e senadores. H\ufffd quantidade, mas n\ufffdo qualidade.\n     2) Que deputados, senadores, etc. sejam considerados como um\n     trabalhador comum, bata seu ponto todo dia e trabalhe 8 horas\n     di\ufffdrias, e quando houver um decreto a ser votado, eles estar\ufffdo\n     presentes com certeza.\n     3) Proibir a entrada de estrangeiros no Brasil, a n\ufffdo ser para\n     visita, enquanto permitem a entrada de imigrantes, muitos brasileiros\n     ficam na falta de emprego, alimento, escolas, etc., e sendo seus\n     escravos por ninharia.\n     4) Uma reforma agr\ufffdria s\ufffdria apoiando os sem-terra, evitando que os\n     coron\ufffdis matem inocentes como tem acontecido. Terras f\ufffdrteis e n\ufffdo\n     aproveitadas por eles, poder\ufffdo ser produtivas e enriquecer o pa\ufffds e\n     matar a fome de pessoas que tem vontade de trabalhar e n\ufffdo tem como"
"JOS\ufffd ANTONIO DOS SANTOS\nENDERE\ufffdO\n\n     RUA CARLOS MALTONI No. 884 - VILA AMORIM\nLOCALIZA\ufffd\ufffdO\n\n     MUNICIPIO: SUZANO                           UF: SP   CEP: 08600\nDADOS PESSOAIS\n\n     SEXO        : 01 - MASCULINO\n     MORADOR     : 02 - ZONA URBANA\n     INSTRU\ufffd\ufffdO   : 05 - SEGUNDO GRAU COMPLETO\n     ESTADO CIVIL: 02 - CASADO\n     FAIXA ET\ufffdRIA: 04 - 25 A 29 ANOS\n     FAIXA RENDA : 04 - MAIS DE 03 A 05 S.M.\n     ATIVIDADE   : 07 - ADMINISTRA\ufffd\ufffdO P\ufffdBLICA\nDESTINAT\ufffdRIO\n\n     AGNALDO TIMOTEO\nCAT\ufffdLOGO\n\n     ADMINISTRA\ufffd\ufffdO DE PESSOAL - SERVI\ufffdO PUBLICO, POLITICA\n     FINANCEIRA, POLITICA - ESTRUTURA DO ESTADO, DIREITO -\n     ORGANIZA\ufffd\ufffdO DO ESTADO.\nINDEXA\ufffd\ufffdO\n\n     ABUSO DE AUTORIDADE, PREFEITO.\n     FISCALIZA\ufffd\ufffdO DOS GASTOS PUBLICOS.\n     PROVIMENTO DE CARGO.\n     ATIVIDADE PARLAMENTAR, VEREADOR.\n     SUBSIDIOS.\nEu vou falar da elei\ufffd\ufffdo direta para o presidente, sobre a\nConstitui\ufffd\ufffdo, digo que o brasileiro ainda n\ufffdo sabe definir\ndiretamente  uma Constitui\ufffd\ufffdo.\nEu acredito que deveria ter uma controlada nos gastos p\ufffdblicos em\nSUGEST\ufffdO\n\n     reparti\ufffd\ufffdes municipais e vir a ser usada em seguran\ufffda, \ufffd melhor do\n     que gastar em festa etc...Eu acho que deveria haver uma rela\ufffd\ufffdo\n     melhor aos candidatos que conv\ufffdm a vaga no servi\ufffdo p\ufffdblico e acabe\n     com esse abuso de poder por parte dos prefeitos.\n     Aumentar a jornada de trabalho desses vereadores, que nada fazem por\n     n\ufffds. Deveria haver um controle no aumento dos prefeitos, vereadores e\n     assessores que n\ufffdo mais valorizados que os servidores.\n     Eu acredito no nosso presidente Sarney.  Eu acho que voc\ufffd, deputado,\n     \ufffd o \ufffdnico que fala o que realmente pensa, pois ent\ufffdo, entenda meu\n     ponto de vista, pois o que est\ufffd acontecendo s\ufffdo fatos"
"Claudomir Tavares da Silva\nENDERE\ufffdO\n\n     Rua Jo\ufffdo Amaral Lemos, 205\nLOCALIZA\ufffd\ufffdO\n\n     MUNICIPIO: PIRAMBU                          UF: SE   CEP: 49190\nDADOS PESSOAIS\n\n     SEXO        : 01 - MASCULINO\n     MORADOR     : 02 - ZONA URBANA\n     INSTRU\ufffd\ufffdO   : 04 - SEGUNDO GRAU INCOMPLETO\n     ESTADO CIVIL: 01 - SOLTEIRO\n     FAIXA ET\ufffdRIA: 02 - 15 A 19 ANOS\n     FAIXA RENDA : 08 - SEM RENDIMENTO\n     ATIVIDADE   : 11 - OUTRAS ATIVIDADES\nCAT\ufffdLOGO\n\n     POLITICA EDUCACIONAL, POLITICA - ESTRUTURA DO ESTADO, DIREITO\n     - ORGANIZA\ufffd\ufffdO DO ESTADO, POLITICA TRABALHISTA, POLITICA\n     AGRICOLA.\nINDEXA\ufffd\ufffdO\n\n     REFORMA AGRARIA (FAVORAVEL).\n     SINDICATO.\n     MUNICIPIOS.\n     DIREITO DE GREVE.\n     ELEI\ufffd\ufffdES.\n     MANDATO, PREFEITO.\nSUGEST\ufffdO\n\n     Como ser\ufffd efetuada a participa\ufffd\ufffdo dos jovens, trabalhadores, partidos\n     e sindicatos, como ser\ufffd aplicada a Constituinte.\n     Sugerimos, como ser\ufffd aplicada a Constituinte.\n     - Reforma agr\ufffdria ampla, massi\ufffda e sob o controle dos trabalhadores.\n     - Fortalecimento da CUT, e um n\ufffdo ao deleguismo.\n     - Maior participa\ufffd\ufffdo dos jovens sindicatos, partidos e trabalhadores\n     relegados \ufffd condi\ufffd\ufffdo de brasileiro pelo Governo.\n     - Maior apoio dos municipios como Piramb\ufffd, e n\ufffdo s\ufffd aos que t\ufffdm\n     muitos eleitores.\n     - Direito irrestrito de greve.\n     - Elei\ufffd\ufffdes diretas nas escolas p\ufffdblicas.\n     - Diminui\ufffd\ufffdo do mandato efetivo municipal de 6 para 4 anos.\n     Um abra\ufffdo, tchau"
"Maria Fel\ufffdcia dos Santos\nENDERE\ufffdO\n\n     Campos Gerais MG\nLOCALIZA\ufffd\ufffdO\n\n     MUNICIPIO: CAMPOS GERAIS                    UF: MG   CEP: 37160\nDADOS PESSOAIS\n\n     SEXO        : 02 - FEMININO\n     MORADOR     : 02 - ZONA URBANA\n     INSTRU\ufffd\ufffdO   : 04 - SEGUNDO GRAU INCOMPLETO\n     ESTADO CIVIL: 01 - SOLTEIRA\n     FAIXA ET\ufffdRIA: 03 - 20 A 24 ANOS\n     FAIXA RENDA : 01 - AT\ufffd 1 SAL\ufffdRIO M\ufffdNIMO\n     ATIVIDADE   : 11 - OUTRAS ATIVIDADES\nDESTINAT\ufffdRIO\n\n     ULYSSES GUIMAR\ufffdES\nCAT\ufffdLOGO\n\n     POLITICA INDIGENISTA, POLITICA TRABALHISTA, POLITICA\n     FINANCEIRA, ORGANIZA\ufffd\ufffdO SOCIAL, POLITICA AGRICOLA, POLITICA -\n     ESTRUTURA DO ESTADO, DIREITO - ORGANIZA\ufffd\ufffdO DO ESTADO.\nINDEXA\ufffd\ufffdO\n\n     IGUALDADE DE DIREITOS.\n     ELEI\ufffd\ufffdO DIRETA (FAVORAVEL).\n     AUTONOMIA MUNICIPAL.\n     VOTO PROPORCIONAL (FAVORAVEL).\n     LIBERDADE DE IMPRENSA.\n     REFORMA AGRARIA (FAVORAVEL), MUNICIPIOS.\n     ASSISTENCIA AO AGRICULTOR.\n     RACISMO.\n     RECURSOS FINANCEIROS.\n     JORNADA DE TRABALHO.\n     LIBERDADE SINDICAL.\n     DIREITO DE GREVE.\n     DEMARCA\ufffd\ufffdO DE TERRAS INDIGENAS, PRESERVA\ufffd\ufffdO DA CULTURA\n     INDIGENA.\n     REVOGA\ufffd\ufffdO.\nSUGEST\ufffdO\n\n     Direitos iguais para todos.\n     Voto direto em todos os n\ufffdveis.\n     Autonomia municipal.\n     N\ufffdmero proporcional de deputados e senadores.\n     Liberdade de imprensa.\n     Acesso \ufffd terra.\n     Benef\ufffdcio para trabalhador da terra.\n     Aboli\ufffd\ufffdo da discrimina\ufffd\ufffdo racial.\n     Independ\ufffdncia nacional.\n     Mais oportunidade para os marginalizados.\n     Mais recursos devem ficar nos munic\ufffdpios.\n     40 horas semanais de trabalho.\n     Liberdade sindical.\n     Direito \ufffd greve.\n     Respeito \ufffd terra e \ufffd cultura do \ufffdndio.\n     A revoga\ufffd\ufffdo das leis criminais"
"jos\ufffd carlos pilar\nENDERE\ufffdO\n\n     P. costodio soares de castro no. 295\nLOCALIZA\ufffd\ufffdO\n\n     MUNICIPIO: ARA\ufffdATUBA                        UF: SP   CEP: 16100\nDADOS PESSOAIS\n\n     SEXO        : 01 - MASCULINO\n     MORADOR     : 02 - ZONA URBANA\n     INSTRU\ufffd\ufffdO   : 02 - PRIMEIRO GRAU INCOMPLETO\n     ESTADO CIVIL: 01 - SOLTEIRO\n     FAIXA ET\ufffdRIA: 05 - 30 A 39 ANOS\n     FAIXA RENDA : 01 - AT\ufffd 1 SAL\ufffdRIO M\ufffdNIMO\n     ATIVIDADE   : 03 - IND\ufffdSTRIA DE CONSTRU\ufffd\ufffdO\nDESTINAT\ufffdRIO\n\n     PAULO MALUF\nCAT\ufffdLOGO\n\n     SUGEST\ufffdES N\ufffdO PERTINENTES.\nINDEXA\ufffd\ufffdO\n\n     RECLAMA\ufffd\ufffdO OU DEN\ufffdNCIA.\nTEXTO\n\n     A Lei erra, e acerta mas as minhas sugest\ufffdes \ufffd que as coisas ruins\n     deveriam-se, acabar mas \"infelizmente n\ufffdo se acabam\"\n     A Lei \ufffd justa mas \ufffd injusta? muitas pessoas sofrem injusti\ufffda,\n     inocente, outras sorriam de satisfa\ufffd\ufffdo muitos da Lei aceita com\n     satisfa\ufffd\ufffdo, muitos outros da Lei hajam com precis\ufffdo, fazendo a\n     justi\ufffda certa.\n     A nossa juventude precisa de carinho e amor, os velhos idosos, e\n     crian\ufffdas, e senhoras e juventude, precisamos de aten\ufffd\ufffdo carinho e\n     amor, devemos  evitar as coisas ruins, mas ela nos persegue, mas\n     tenho muita certeza que um dia n\ufffdo perseguir\ufffd nunca mais.\n     Temos que lutar para acabar com os t\ufffdxicos que matam nossos irm\ufffdos e\n     mata nossos cora\ufffd\ufffdes.\n     Eu estou fazendo um jardim numa \ufffdrea da prefeitura, estou plantando\n     muitas plantas para o bem do bairro e para o bem de todos, que gostam\n     de fl\ufffdres e o mal me perseguiu, eu passando numa rua, um, senhor de\n     idade me deu uma planta chamada Jurema e me deu um pouco de semente\n     da Rainha da Noite, mas n\ufffdo era, era semente de maconha, fui detido e\n     agora vou responder por um crime que n\ufffdo cometi.\n     Confio na justi\ufffda e em Deus"
"M\ufffdrcia F\ufffdtima Ferreira Gusm\ufffdo\nENDERE\ufffdO\n\n     Rua do Com\ufffdrcio 77 - Campestre\nLOCALIZA\ufffd\ufffdO\n\n     MUNICIPIO: JUNDIA                           UF: AL   CEP: 57965\nDADOS PESSOAIS\n\n     SEXO        : 02 - FEMININO\n     MORADOR     : 02 - ZONA URBANA\n     INSTRU\ufffd\ufffdO   : 02 - PRIMEIRO GRAU INCOMPLETO\n     ESTADO CIVIL: 01 - SOLTEIRA\n     FAIXA ET\ufffdRIA: 02 - 15 A 19 ANOS\n     FAIXA RENDA : 01 - AT\ufffd 1 SAL\ufffdRIO M\ufffdNIMO\n     ATIVIDADE   : 07 - ADMINISTRA\ufffd\ufffdO P\ufffdBLICA\nDESTINAT\ufffdRIO\n\n     GERALDO BULH\ufffdES\nCAT\ufffdLOGO\n\n     POLITICA NACIONAL DE SAUDE, DIREITO - ORGANIZA\ufffd\ufffdO DO ESTADO.\nINDEXA\ufffd\ufffdO\n\n     MUNICIPIOS.\n     SERVI\ufffdOS HOSPITALARES.\nSUGEST\ufffdO\n\n     H\ufffd muitos munic\ufffdpios que dever\ufffdo ter uma orienta\ufffd\ufffdo m\ufffddica e mais\n     hospitais"
"PAULO B\ufffdDO FILHO\nENDERE\ufffdO\n\n     AVENIDA RIO S\ufffdO FRANCISCO 313 - BARRA  DO TURVO - SP\nLOCALIZA\ufffd\ufffdO\n\n     MUNICIPIO: BARRA DO TURVO                   UF: SP   CEP: 18340\nDADOS PESSOAIS\n\n     SEXO        : 01 - MASCULINO\n     MORADOR     : 02 - ZONA URBANA\n     INSTRU\ufffd\ufffdO   : 05 - SEGUNDO GRAU COMPLETO\n     ESTADO CIVIL: 02 - CASADO\n     FAIXA ET\ufffdRIA: 05 - 30 A 39 ANOS\n     FAIXA RENDA : 03 - MAIS DE 02 A 03 S.M.\n     ATIVIDADE   : 11 - OUTRAS ATIVIDADES\nCAT\ufffdLOGO\n\n     POLITICA EDUCACIONAL, ADMINISTRA\ufffd\ufffdO DE PESSOAL - SERVI\ufffdO\n     PUBLICO, POLITICA FINANCEIRA, DIREITO - ORGANIZA\ufffd\ufffdO DO ESTADO,\n     POLITICA - ESTRUTURA DO ESTADO, POLITICA NACIONAL DE SAUDE,\n     POLITICA TRABALHISTA, ORGANIZA\ufffd\ufffdO SOCIAL.\nINDEXA\ufffd\ufffdO\n\n     CONDI\ufffd\ufffdES DE VIDA, SALARIO MINIMO.\n     FISCALIZA\ufffd\ufffdO GOVERNAMENTAL.\n     SERVI\ufffdOS HOSPITALARES.\n     COMPETENCIA ADMINISTRATIVA.\n     MUNICIPIOS, FISCALIZA\ufffd\ufffdO DOS GASTOS PUBLICOS.\n     CASSA\ufffd\ufffdO DE MANDATO.\n     CONCURSO PUBLICO, REDE DE ENSINO.\n     MAGISTERIO.\n     REMUNERA\ufffd\ufffdO.\nSUGEST\ufffdO\n\n     Corre\ufffd\ufffdo urgente no atual sal\ufffdrio m\ufffdnimo vigente no pa\ufffds, para que os\n     brasileiros tenham melhores condi\ufffd\ufffdes de vida. s\ufffd assim se far\ufffd um\n     Pa\ufffds com P(mai\ufffdsculo), bom de se viver (realmente Brasil).\n     Melhor atendimento hospitalar a todos os trabalhadores da Zona Rural\n     e Urbana. fiscaliza\ufffd\ufffdo nos hospitais.\n     Fiscaliza\ufffd\ufffdo no pre\ufffdo das consultas m\ufffddicas, pois o que \ufffd cobrado\n     hoje em dia por um m\ufffddico particular, \ufffd absurdo. Melhor atendimento\n     hospitalar.\n     Exigir mais dos chefes do Estado, chefes de Munic\ufffdpios e seus\n     adeptos, pois pelo visto, n\ufffdo est\ufffdo a contento.\n     Fiscaliza\ufffd\ufffdo nas Verbas Estaduais que s\ufffdo destinadas aos munic\ufffdpios e\n     que s\ufffdo desviadas na maioria das vezes. Quando um prefeito n\ufffdo est\ufffd\n     desempenhando bem o seu papel de chefe de Munic\ufffdpio, e os vereadores\n     da mesma forma, que a voz do povo tenha prioridade para a sua\n     cassa\ufffd\ufffdo, e que seja eleito um novo prefeito, atrav\ufffds do voto\n     popular.\n     Que delegados de Ensino sejam nomeados por concursos.\n     Efetiva\ufffd\ufffdo de professor feita pelo tempo de servi\ufffdo e n\ufffdo por\n     concursos absurdos, dando oportunidade a politicagem.\n     Valoriza\ufffd\ufffdo da Educa\ufffd\ufffdo, com melhores sal\ufffdrios ao professor de acordo\n     com seu diploma e tempo de servi\ufffdo, para que n\ufffdo ou\ufffdamos mais nossos\n     alunos nos falar - para que estudar, se meu pai, que n\ufffdo tem estudo,\n     ganha mais que o professor"
"Carlos Alberto Pereira Ferreira\nENDERE\ufffdO\n\n     Rua Chamat\ufffd 173/3 - Vila Formosa\nLOCALIZA\ufffd\ufffdO\n\n     MUNICIPIO: S\ufffdO PAULO                        UF: SP   CEP: 03359\nDADOS PESSOAIS\n\n     SEXO        : 01 - MASCULINO\n     MORADOR     : 02 - ZONA URBANA\n     INSTRU\ufffd\ufffdO   : 04 - SEGUNDO GRAU INCOMPLETO\n     ESTADO CIVIL: 05 - OUTROS\n     FAIXA ET\ufffdRIA: 05 - 30 A 39 ANOS\n     FAIXA RENDA : 02 - MAIS DE 01 A 02 S.M.\n     ATIVIDADE   : 06 - PRESTA\ufffd\ufffdO DE SERVI\ufffdOS\nCAT\ufffdLOGO\n\n     DIREITO - ORGANIZA\ufffd\ufffdO DO ESTADO, POLITICA - ESTRUTURA DO\n     ESTADO.\nINDEXA\ufffd\ufffdO\n\n     ATIVIDADE PARLAMENTAR.\n     DIREITOS DO CIDAD\ufffdO.\n     CRIMES CONTRA A ECONOMIA POPULAR.\n     ABUSO DE AUTORIDADE.\n     FOR\ufffdAS ARMADAS.\n     APLICA\ufffd\ufffdO DE PENA.\nA pr\ufffdxima Constitui\ufffd\ufffdo deve: prever e o Congresso e Senado\npenalizarem    os Senhores Parlamentares que se intrometerem,\ndescaradamente, nos assuntos internos de outros Pa\ufffdses.\nSUGEST\ufffdO\n\n     N\ufffdo permitir o acesso a altos cargos p\ufffdblicos de pessoas que,\n     deliberadamente, atentaram contra a vida de qualquer cidad\ufffdo e\n     contra. A economia do Pa\ufffds.\n     Prever a cria\ufffd\ufffdo pelo Congresso e Senado de comiss\ufffdo definitiva que\n     estude e vete Leis que apresente vest\ufffdgios de causa pr\ufffdpria.\n     Negar aos Senhores, parlamentares, a possibilidade de legislarem\n     sobre seus pr\ufffdprios sal\ufffdrios, comiss\ufffdes e outros. Que essa quest\ufffdo\n     seja atributo do Chefe m\ufffdximo da Na\ufffd\ufffdo.\n     Criar um \ufffdnico minist\ufffdrio para os tr\ufffds ramos das For\ufffdas Armadas.\n     Prever que as penas, para um mesmo delito aplicada a funcion\ufffdrio\n     p\ufffdblico, em cargo de confian\ufffda sejam duplicadas"
"Belis\ufffdria Beatriz Valadares Ferreira\nENDERE\ufffdO\n\n     R. S\ufffdo Jo\ufffdo 420 Centro\nLOCALIZA\ufffd\ufffdO\n\n     MUNICIPIO: POUSO ALEGRE                     UF: MG   CEP: 37550\nDADOS PESSOAIS\n\n     SEXO        : 02 - FEMININO\n     MORADOR     : 02 - ZONA URBANA\n     INSTRU\ufffd\ufffdO   : 05 - SEGUNDO GRAU COMPLETO\n     ESTADO CIVIL: 02 - CASADA\n     FAIXA ET\ufffdRIA: 06 - 40 A 49 ANOS\n     FAIXA RENDA : 02 - MAIS DE 01 A 02 S.M.\n     ATIVIDADE   : 11 - OUTRAS ATIVIDADES\nCAT\ufffdLOGO\n\n     POLITICA NACIONAL DE SAUDE, POLITICA TRABALHISTA, ORGANIZA\ufffd\ufffdO\n     SOCIAL, ADMINISTRA\ufffd\ufffdO DE PESSOAL - SERVI\ufffdO PUBLICO, POLITICA\n     EDUCACIONAL, POLITICA ECONOMICA.\nINDEXA\ufffd\ufffdO\n\n     GASTOS PUBLICOS.\n     REMUNERA\ufffd\ufffdO.\n     REINTEGRA\ufffd\ufffdO, SERVIDOR.\n     DESBUROCRATIZA\ufffd\ufffdO.\n     ATIVIDADE PROFISSIONAL.\n     MEDICAMENTOS.\n     SERVI\ufffdO BASICO DE SAUDE.\n     ASSISTENCIA SANITARIA.\nSUGEST\ufffdO\n\n     Funcion\ufffdrios em contato direto com o povo pudesse opinar sobre a\n     necessidade priorit\ufffdria deste povo.\n     2- Que os benef\ufffdcios do governo n\ufffdo se limitassem \ufffds capitais e\n     grandes centros como no caso de distribui\ufffd\ufffdo de alimentos.\n     3- Sal\ufffdrio digno aos funcion\ufffdrios p\ufffdblicos e professores. Maior\n     exig\ufffdncia quanto as licen\ufffdas. Trabalho em uma \ufffdnica escola para\n     melhor n\ufffdvel cultural.\n     4- Lista de medicamentos ser feita pelos destribuidores nos C. S. e\n     P. INAMPS.\n     5- Condi\ufffd\ufffdes de trabalho nos centros de sa\ufffdde, pagamento\n     insalubridade, distribui\ufffd\ufffdo de material necess\ufffdria um atendimento\n     condigno  ao povo.\n     6- Menos burocracia para o carente.\n     7- Exig\ufffdncia do cumprimento do hor\ufffdrio por parte dos m\ufffddicos.\n     8- autonomia ao diretor de assuntos referentes a melhor atendimento\n     ao p\ufffdblico.\n     9- Educa\ufffd\ufffdo de sa\ufffdde sanit\ufffdria.\n     10- Cria\ufffd\ufffdo de clubes de m\ufffdes etc.\n     Obs: H\ufffd ainda in\ufffdmeras sugest\ufffdes a serem dadas.\n     Gostaria de contato direto com Dep. escolhido"
"LUCIA KUROKAWA\nENDERE\ufffdO\n\n     R JAPARAIGUARA 769\nLOCALIZA\ufffd\ufffdO\n\n     MUNICIPIO: S\ufffdO PAULO                        UF: SP   CEP: 03744\nDADOS PESSOAIS\n\n     SEXO        : 02 - FEMININO\n     MORADOR     : 02 - ZONA URBANA\n     INSTRU\ufffd\ufffdO   : 07 - SUPERIOR COMPLETO\n     ESTADO CIVIL: 04 - DIVORCIADA\n     FAIXA ET\ufffdRIA: 05 - 30 A 39 ANOS\n     FAIXA RENDA : 04 - MAIS DE 03 A 05 S.M.\n     ATIVIDADE   : 11 - OUTRAS ATIVIDADES\nCAT\ufffdLOGO\n\n     POLITICA - ESTRUTURA DO ESTADO, POLITICA ECONOMICA, POLITICA\n     EDUCACIONAL.\nINDEXA\ufffd\ufffdO\n\n     SISTEMA EDUCACIONAL.\n     COMERCIO.\n     CARGO ELETIVO, SISTEMA POLITICO.\n     ATIVIDADE PARLAMENTAR.\n     CRITERIOS DE ESCOLHA, PRESIDENTE DA REPUBLICA.\nSUGEST\ufffdO\n\n     1- O ano letivo das escolas, qualquer grau e esp\ufffdcie, tem que ter os\n     mesmos dias de trabalho de uma trabalhadora comum, ou seja s\ufffd, 30\n     dias de f\ufffdrias por ano.\n     2- O ano legislativo dos parlamentares deve ser como o da escola\n     (acima descrito) ou melhor ainda, funcionar em regime de plant\ufffdo,\n     como hospitais ou farm\ufffdcias.\n     3- O com\ufffdrcio deveria ser livre os comerciantes que quisessem\n     trabalhar aos domingos e feriados, teriam toda liberdade.\n     4- S\ufffd pode ser presidente de rep\ufffdblica quem j\ufffd foi senador ou general\n     ou almirante ou brigadeiro.\n     S\ufffd pode ser senador  quem j\ufffd foi deputado federal.\n     S\ufffd pode ser deputado federal quem j\ufffd foi deputado estadual, s\ufffd pode\n     ser deputado estadual quem j\ufffd foi vereador.\n     S\ufffd pode ser vereador quem j\ufffd trabalhou.\n     S\ufffd pode ser ministro quem j\ufffd foi secret\ufffdrio da mesma pasta em algum\n     Estado"
"Vagnaldo A Amaral\nENDERE\ufffdO\n\n     Cel SapucaiaMS\nLOCALIZA\ufffd\ufffdO\n\n     MUNICIPIO: CORONEL SAPUCAIA (AMAMBAI)       UF: MS   CEP: 79995\nDADOS PESSOAIS\n\n     SEXO        : 01 - MASCULINO\n     MORADOR     : 02 - ZONA URBANA\n     INSTRU\ufffd\ufffdO   : 02 - PRIMEIRO GRAU INCOMPLETO\n     ESTADO CIVIL: 01 - SOLTEIRO\n     FAIXA ET\ufffdRIA: 01 - 10 A 14 ANOS\n     FAIXA RENDA : 01 - AT\ufffd 1 SAL\ufffdRIO M\ufffdNIMO\n     ATIVIDADE   : 11 - OUTRAS ATIVIDADES\nCAT\ufffdLOGO\n\n     POLITICA - ESTRUTURA DO ESTADO.\n     REELEI\ufffd\ufffdO (FAVORAVEL).\nINDEXA\ufffd\ufffdO\n\n     ATIVIDADE POLITICA.\nSUGEST\ufffdO\n\n     Gostaria que fosse ampliado nosso sistema democr\ufffdtico,podendo existir\n     reelei\ufffd\ufffdo para presidente, governadores e prefeitos.\n     \ufffd lamentavel que num pa\ufffds que se diz democr\ufffdtico ainda n\ufffdo seja\n     respeitado os diretos de algu\ufffdm.\n     Gostaria, tamb\ufffdm, que a bem da democracia e do bem estar comum fosse\n     dado mais compet\ufffdncia aos pol\ufffdticos eleitos pelo povo, como\n     vereadores e deputados estaduais a atuarem sobre os \ufffdrg\ufffdos do Estado,\n     como a pol\ufffdcia, por exemplo, que apronta os barbarismos nas pequenas\n     vilas e distritos, onde s\ufffd se encontra como autoridade um vereador,\n     que diz que n\ufffdo tem voz nem vez sobre os \ufffdrg\ufffdos do Estado"
"ROBERTO AVELINO CARVALHO\nENDERE\ufffdO\n\n     AV: PADRE LOUREN\ufffdO DA COSTA MOREIRA  KM 3\nLOCALIZA\ufffd\ufffdO\n\n     MUNICIPIO: ITAJUBA                          UF: MG   CEP: 37500\nDADOS PESSOAIS\n\n     SEXO        : 01 - MASCULINO\n     MORADOR     : 01 - ZONA RURAL\n     INSTRU\ufffd\ufffdO   : 02 - PRIMEIRO GRAU INCOMPLETO\n     ESTADO CIVIL: 01 - SOLTEIRO\n     FAIXA ET\ufffdRIA: 02 - 15 A 19 ANOS\n     FAIXA RENDA : 01 - AT\ufffd 1 SAL\ufffdRIO M\ufffdNIMO\n     ATIVIDADE   : 03 - INDUSTRIA DE CONSTRU\ufffd\ufffdO\nCAT\ufffdLOGO\n\n     POLITICA EDUCACIONAL, POLITICA TRABALHISTA.\n     ATIVIDADE PROFISSIONAL.\nINDEXA\ufffd\ufffdO\n\n     ASSISTENCIA AO ESTUDANTE.\nSUGEST\ufffdO\n\n     Gostaria que houvesse uma lei que punisse os jogadores agressores em\n     qualquer esporte que esta lei fosse de 6 meses a 1 ano de pris\ufffdo.\n     Gostaria que houvesse, em todas as escolas estaduais, um m\ufffddico para\n     atender aos alunos em caso de urg\ufffdncia e que o mesmo atendesse \ufffds\n     crian\ufffdas do bairro onde se localiza a escola; mas que fosse\n     gratuitamente"
"MARCOS ESTAQUIO SOARES\nENDERE\ufffdO\n\n     CLS 113 BLOCO C LOJA 16\nLOCALIZA\ufffd\ufffdO\n\n     MUNICIPIO: BRASILIA                         UF: DF   CEP: 70376\nDADOS PESSOAIS\n\n     SEXO        : 01 - MASCULINO\n     MORADOR     : 02 - ZONA URBANA\n     INSTRU\ufffd\ufffdO   : 06 - SUPERIOR INCOMPLETO\n     ESTADO CIVIL: 01 - SOLTEIRO\n     FAIXA ET\ufffdRIA: 03 - 20 A 24 ANOS\n     FAIXA RENDA : 08 - SEM RENDIMENTO\n     ATIVIDADE   : 11 - OUTRAS ATIVIDADES\nCAT\ufffdLOGO\n\n     POLITICA EDUCACIONAL, POLITICA - ESTRUTURA DO ESTADO, DIREITO\n     - ORGANIZA\ufffd\ufffdO DO ESTADO.\nINDEXA\ufffd\ufffdO\n\n     RECESSO PARLAMENTAR.\n     ATIVIDADE PARLAMENTAR.\n     ESCOLA TECNICA.\nSUGEST\ufffdO\n\n     Que a nov Constituinte disponha de mecanismos capazes de\n     inconstitucionalizar a garantia da n\ufffdo remunera\ufffd\ufffdo dos parlamentares\n     durante recessos especiais, a exemplo dos\"recessos brancos\"\n     pr\ufffd-eleitorais, o que \ufffd uma afronta ao princ\ufffdpio da igualdade de\n     direitos entre os homens e causa, sobretudo, uma revolta entre os\n     trabalhadores mais esclarecidos.\n     A frequ\ufffdncia dos parlamentares ao Congresso deve ser controlada por\n     dispositivos constitucionais que penalizem os faltosos com a redu\ufffd\ufffdo\n     progressiva de seus vencimentos.\n     Por \ufffdltimo, que a nova Constitui\ufffd\ufffdo proteja e facilite a constru\ufffd\ufffdo\n     de escolas de n\ufffdvel t\ufffdcnico que aproveitem e desenvolvam os\n     potenciais de uma dada regi\ufffdo.\n     Gratos pela aten\ufffd\ufffdo e pela oportunidade.Este pa\ufffds tem que ser s\ufffdrio"
"SILVANA SIQUEIRA DA SILVA\nENDERE\ufffdO\n\n     CH\ufffdCARA GIRASSOL - S\ufffdO MIGUEL ARCOVERDE PE\nLOCALIZA\ufffd\ufffdO\n\n     MUNICIPIO: ARCOVERDE                        UF: PE   CEP: 56500\nDADOS PESSOAIS\n\n     SEXO        : 02 - FEMININO\n     MORADOR     : 02 - ZONA URBANA\n     INSTRU\ufffd\ufffdO   : 04 - SEGUNDO GRAU INCOMPLETO\n     ESTADO CIVIL: 01 - SOLTEIRA\n     FAIXA ET\ufffdRIA: 02 - 15 A 19 ANOS\nCAT\ufffdLOGO\n\n     ORGANIZA\ufffd\ufffdO SOCIAL, POLITICA PREVIDENCIARIA, POLITICA\n     AGRICOLA, POLITICA EDUCACIONAL, POLITICA INDIGENISTA,\n     POLITICA ECONOMICA, POLITICA HABITACIONAL, ADMINISTRA\ufffd\ufffdO DE\n     PESSOAL - SERVI\ufffdO PUBLICO, POLITICA TRABALHISTA, DIREITO -\n     ORGANIZA\ufffd\ufffdO DO ESTADO.\nINDEXA\ufffd\ufffdO\n\n     ASSEMBLEIA NACIONAL CONSTITUINTE.\n     POLITICA DE EMPREGO.\n     CONCURSO PUBLICO, CASA PROPRIA.\n     ESTABILIDADE.\n     FMI.\n     INDIGENISMO.\n     JORNADA DE TRABALHO.\n     ENSINO GRATUITO.\n     ATIVIDADE PROFISSIONAL.\n     REFORMA AGRARIA (FAVORAVEL).\n     TRABALHADOR RURAL, ASSISTENCIA MEDICA.\n     ASSISTENCIA AO MENOR.\nSUGEST\ufffdO\n\n     Constituinte n\ufffdo congressual.\n     Assit\ufffdncia m\ufffddica aos trabalhadores rurais.\n     Estabilidade de emprego.\n     Ensino Gratuito.\n     Reforma agr\ufffdria ampla sob controle dos trabalhadores.\n     Fim do acordo com o FMI.\n     Emprego e moradia d\ufffdgnas para flagelados.\n     Redu\ufffd\ufffdo da jornada de trabalho.\n     Mais concursos p\ufffdblicos.\n     Reciclagem de profissionais.\n     Amparo ao menor abandonado e mendigos.\n     Mais liberdade ao \ufffdndio"
"REGES CABRAL RODRIGUES\nENDERE\ufffdO\n\n     RUA AMAZONAS 31 ALTEROSA MG\nLOCALIZA\ufffd\ufffdO\n\n     MUNICIPIO: ALTEROSA                         UF: MG   CEP: 37145\nDADOS PESSOAIS\n\n     SEXO        : 01 - MASCULINO\n     MORADOR     : 02 - ZONA URBANA\n     INSTRU\ufffd\ufffdO   : 06 - SUPERIOR INCOMPLETO\n     ESTADO CIVIL: 01 - SOLTEIRO\n     FAIXA ET\ufffdRIA: 03 - 20 A 24 ANOS\n     FAIXA RENDA : 04 - MAIS DE 03 A 05 S.M.\n     ATIVIDADE   : 11 - OUTRAS ATIVIDADES\nCAT\ufffdLOGO\n\n     POLITICA TRABALHISTA, POLITICA NACIONAL DE SAUDE, POLITICA\n     EDUCACIONAL, DIREITO - ORGANIZA\ufffd\ufffdO DO ESTADO.\nINDEXA\ufffd\ufffdO\n\n     INFRA\ufffd\ufffdO PENAL, PUNI\ufffd\ufffdO.\n     ESPORTE.\n     CONTROLE DE NATALIDADE.\n     SISTEMA NACIONAL DE SAUDE.\n     ATIVIDADE PROFISSIONAL.\nSUGEST\ufffdO\n\n     1. Reestudo na quest\ufffdo do menor infrator. N\ufffdo tem cabimento menores\n     praticarem verdadeiros crimes e ficarem impunes no meio da sociedade.\n     Proibir o jogo de boxe ou luta livre no Brasil.Como pode existir uma\n     modalidade esportiva (se \ufffd que pode chamar de \"ESPORTE\"), onde a\n     defini\ufffd\ufffdo do vencedor \ufffd feita pela agress\ufffdo  f\ufffdsica? Est\ufffd contra as\n     verdadeiras metas do esporte e relacionamento humano. Pe\ufffdo estudar o\n     assunto de tornar iligal tal \"ESPORTE\".\n      Sugiro estudar na \ufffdrea dos direitos do m\ufffddico, principalmente noque\n     diz respeito a esteriliza\ufffd\ufffdo feminina atrav\ufffds de atos cir\ufffdrgicos,\n     pedido pela pr\ufffdpria paciente. Deveira ter maior prote\ufffd\ufffdo ao m\ufffddicoem\n     casoa com este, pois a paciente tendo conhecimento do risco e\n     irreversibilidade da cirurgia, deveria ser legal tal ato cir\ufffdrgico.\n     Outra que seria um m\ufffdtodo para controle de natalidade, quando a\n     superprodu\ufffd\ufffdo j\ufffd \ufffd problema"
"IVAN PEREIRA RODRIGUES\nENDERE\ufffdO\n\n     RUA PRE.BACHER 175=401\nLOCALIZA\ufffd\ufffdO\n\n     MUNICIPIO: NITEROI                          UF: RJ   CEP: 24220\nDADOS PESSOAIS\n\n     SEXO        : 01 - MASCULINO\n     MORADOR     : 02 - ZONA URBANA\n     INSTRU\ufffd\ufffdO   : 06 - SUPERIOR INCOMPLETO\n     ESTADO CIVIL: 01 - SOLTEIRO\n     FAIXA ET\ufffdRIA: 04 - 25 A 29 ANOS\n     FAIXA RENDA : 03 - MAIS DE 02 A 03 S.M.\n     ATIVIDADE   : 08 - ATIVIDADES SOCIAIS\nCAT\ufffdLOGO\n\n     POLITICA - ESTRUTURA DO ESTADO, POLITICA ECONOMICA.\n     GASTOS PUBLICOS.\nINDEXA\ufffd\ufffdO\n\n     ATIVIDADE PARLAMENTAR.\nSUGEST\ufffdO\n\n     Gostaria de sugerir aos ilustres membros do parlamento, que como\n     ex.ao povo brasileiro, procurassem, adotar medidas que reduzem os\n     gastos p\ufffdblicos a partir da moraliza\ufffd\ufffdo financeira do pr\ufffdprio poder\n     legislativo.\n     Que exemplo moral poder\ufffd dar um deputado ou um senador que ganha\n     f\ufffdbulas de proveitos \ufffds custas do trabalhador, contribuinte que mal\n     vive com o seu sal\ufffdrio m\ufffdnimo?\n     Pe\ufffdo que ponham em pr\ufffdtica, votando favor\ufffdvelmente em projeto que n\ufffdo\n     se reduzam, pelo menos estabilizem os ganhos dos deputados,\n     senadores, vereadores, prefeitos, ministros e do pr\ufffdprio presidente.\n     Soube por not\ufffdcias, que um projeto do governo passado, visando\n     reduzir os justos ao Legislativo e do Executivo.\n     Englobando redu\ufffd\ufffdo de salario foi votado pelo Legislativo por que?\n     Por favor sejam os ex.dos parlamentores que recebem um sal\ufffdrio\n     simb\ufffdlico"
"WALEMAR CORDEIRO\nENDERE\ufffdO\n\n     RUA ANTONIO MANOEL CORREIA 209\nLOCALIZA\ufffd\ufffdO\n\n     MUNICIPIO: ITAJAI                           UF: SC   CEP: 88300\nDADOS PESSOAIS\n\n     SEXO        : 01 - MASCULINO\n     MORADOR     : 02 - ZONA URBANA\n     INSTRU\ufffd\ufffdO   : 03 - PRIMEIRO GRAU COMPLETO\n     ESTADO CIVIL: 03 - VI\ufffdVO\n     FAIXA ET\ufffdRIA: 08 - ACIMA DE 59 ANOS\n     FAIXA RENDA : 03 - MAIS DE 02 A 03 S.M.\nCAT\ufffdLOGO\n\n     POLITICA PREVIDENCIARIA, POLITICA ECONOMICA, POLITICA\n     TRABALHISTA, ORGANIZA\ufffd\ufffdO SOCIAL, POLITICA - ESTRUTURA DO\n     ESTADO, ADMINISTRA\ufffd\ufffdO DE PESSOAL - SERVI\ufffdO PUBLICO.\nINDEXA\ufffd\ufffdO\n\n     APOSENTADORIA COMPULSORIA.\n     ATIVIDADE POLITICA.\n     AMPARO A VELHICE.\n     ASSISTENCIA AO MENOR.\n     POLITICA SALARIAL.\n     POLITICA DE EMPREGO.\n     TABELAMENTO DE PRE\ufffdOS.\n     VIOLENCIA.\n     APOSENTADORIA.\nSUGEST\ufffdO\n\n     1o.Emprego para cada pessoa com 8 horas por dia.\n     2o.Acabar com a disparidade ficando de 1 a 3 sal\ufffdrios .\n     4.Acabar com aposentadoria de parlamentar com 5 anos porque isto \ufffd\n     uma vergonha.\n     4o.Acabar com militares na pol\ufffdtica.\n     5o. Olhar com mais carinho para pessoas idosas .\n     6o.O abono de fam\ufffdilia seja recolhido ao banco sem conta individuais\n     a fim de protejer as crian\ufffdas quando 18 anos .\n     7o.Reduzir o sal\ufffdrio dos parlamentares.\n     8o. M\ufffdximo de 1/2 por cento.\n     9o.Para que todo produto seja tabelado nas f\ufffdbricas.\n     10o. Para acabar com a viol\ufffdncia tem que come\ufffdar pelos casos e para\n     isto e preciso duas palavras obedi\ufffdncia e respeito tem que fazer leis\n     religiosas a fim de que os dois se respeite, a mulher deixe de impor\n     e exigir do marido para n\ufffdo repercutir sobre os filhos, 90 por cento\n     das mulheres n\ufffdo deixar os companheiros se explicar e aqui come\ufffda a\n     viol\ufffdncia.\n     11o.O aumento dos aposentados seja igual aos ativos"
"Ac\ufffdcio aquino Da Silva\nENDERE\ufffdO\n\n     Rua 08 n 224 apt 102 conj serra verde\nLOCALIZA\ufffd\ufffdO\n\n     MUNICIPIO: BELO HORIZONTE                   UF: MG   CEP: 30000\nDADOS PESSOAIS\n\n     SEXO        : 01 - MASCULINO\n     MORADOR     : 02 - ZONA URBANA\n     INSTRU\ufffd\ufffdO   : 03 - PRIMEIRO GRAU COMPLETO\n     ESTADO CIVIL: 01 - SOLTEIRO\n     FAIXA ET\ufffdRIA: 03 - 20 A 24 ANOS\n     FAIXA RENDA : 02 - MAIS DE 01 A 02 S.M.\n     ATIVIDADE   : 07 - ADMINISTRA\ufffd\ufffdO P\ufffdBLICA\nDESTINAT\ufffdRIO\n\n     PIMENTA DA VEIGA\nCAT\ufffdLOGO\n\n     POLITICA EDUCACIONAL, POLITICA - ESTRUTURA DO ESTADO,\n     ORGANIZA\ufffd\ufffdO SOCIAL.\nINDEXA\ufffd\ufffdO\n\n     RACISMO.\n     ASSISTENCIA AO MENOR, MENOR CARENTE.\n     CRIA\ufffd\ufffdO DE ORG\ufffdO PUBLICO.\n     ASSISTENCIA AO ESTUDANTE, REPRESENTATIVIDADE ESTUDANTIL.\nSUGEST\ufffdO\n\n     Minhas sugest\ufffdes s\ufffdo estas: combater e eliminar o racismo bruto que\n     existe no Brasil contra a sofredora ra\ufffda negra.\n     Tirar das ruas as crian\ufffdas ou os menores abandonados que sofrem\n     castigo pelo que n\ufffdo cometeram.\n     Apoio \ufffd classe estudantil, atendendo as suas reivindica\ufffd\ufffdes e\n     respeitando as suas id\ufffdias.\n     Resumindo os tr\ufffds t\ufffdpicos:\n     1- Instituir minist\ufffdrio que atenda o negro.\n     2- Instituir o minist\ufffdrio das crian\ufffdas, j\ufffd prometido pelo presidente\n     Tancredo\n     3- Criar secretarias em que atendam os problemas estudante \ufffdnica  e\n     exclusivamente"
"Maria Helena S Gon\ufffdalves\nENDERE\ufffdO\n\n     SQS 302 Bl B apt 602\nLOCALIZA\ufffd\ufffdO\n\n     MUNICIPIO: BRASILIA                         UF: DF   CEP: 70330\nDADOS PESSOAIS\n\n     SEXO        : 02 - FEMININO\n     MORADOR     : 02 - ZONA URBANA\n     INSTRU\ufffd\ufffdO   : 06 - SUPERIOR INCOMPLETO\n     ESTADO CIVIL: 02 - CASADA\n     FAIXA ET\ufffdRIA: 06 - 40 A 49 ANOS\n     FAIXA RENDA : 05 - MAIS DE 05 A 10 S.M.\n     ATIVIDADE   : 07 - ADMINISTRA\ufffd\ufffdO P\ufffdBLICA\nDESTINAT\ufffdRIO\n\n     JOSE FRAGELLI\nCAT\ufffdLOGO\n\n     ORGANIZA\ufffd\ufffdO SOCIAL, POLITICA PREVIDENCIARIA, POLITICA\n     EDUCACIONAL, POLITICA FINANCEIRA, POLITICA ECONOMICA, DIREITO\n     - ORGANIZA\ufffd\ufffdO DO ESTADO, POLITICA - ESTRUTURA DO ESTADO.\nINDEXA\ufffd\ufffdO\n\n     MANDATO, PRESIDENTE DA REPUBLICA, REELEI\ufffd\ufffdO (FAVORAVEL).\n     MANDATO, REPRESENTATIVIDADE, UNICAMERALISMO (FAVORAVEL).\n     VOTO OBRIGATORIO (CONTRARIO).\n     OMBUDSMAN.\n     ESTATIZA\ufffd\ufffdO (FAVORAVEL).\n     IMPOSTO TERRITORIAL RURAL, IPTU.\n     HERAN\ufffdA.\n     OBRIGATORIEDADE DO ENSINO (FAVORAVEL).\n     ASSISTENCIA MEDICA.\n     MENOR CARENTE.\n     PENA DE MORTE (FAVORAVEL).\nSUGEST\ufffdO\n\n     O candidato do presidente da Rep\ufffdblica deve ser de 4 anos, com\n     direito a ser reeleito 1 vez.\n     Congresso unicameral com mandato de 2 anos, n\ufffdmero de representantes\n     rigorosamente proporcional ao n\ufffdmero de eleitores; fim do voto\n     obrigat\ufffdrio.\n     Cria\ufffd\ufffdo de v\ufffdrios cargos de \"OMBUDSMAN\" ( fiscal/ouvidor/defensor do\n     povo).\n     Estatiza\ufffd\ufffdo dos bancos e dos com\ufffdrcio atacadista de g\ufffdneros de 1a.\n     necessidade, insumos b\ufffdsicos e medicamentos.\n     Tributa\ufffd\ufffdo violenta das terras ociosas ( rurais e urbanas ) ,\n     heran\ufffdas, consumo de artigos de luxo.\n     Educa\ufffd\ufffdo realmente obrigat\ufffdria, assist\ufffdncia m\ufffddica gr\ufffdtis para quem\n     n\ufffdo tem renda suficiente para pagar m\ufffddico particular, toda\n     assist\ufffdncia ao menor carente, pena de morte para criminosos\n     irrecuper\ufffdveis"
"M\ufffdrcia Heloisa Barbosa Sampaio\nENDERE\ufffdO\n\n     Rua Paran\ufffd n 110  Vila Matheus\nLOCALIZA\ufffd\ufffdO\n\n     MUNICIPIO: SANTOS                           UF: SP   CEP: 11075\nDADOS PESSOAIS\n\n     SEXO        : 02 - FEMININO\n     MORADOR     : 02 - ZONA URBANA\n     INSTRU\ufffd\ufffdO   : 07 - SUPERIOR COMPLETO\n     ESTADO CIVIL: 01 - SOLTEIRA\n     FAIXA ET\ufffdRIA: 03 - 20 A 24 ANOS\n     FAIXA RENDA : 02 - MAIS DE 01 A 02 S.M.\n     ATIVIDADE   : 08 - ATIVIDADES SOCIAIS\nCAT\ufffdLOGO\n\n     POLITICA FINANCEIRA, POLITICA - ESTRUTURA DO ESTADO, POLITICA\n     TRABALHISTA, POLITICA EDUCACIONAL, DIREITO - ORGANIZA\ufffd\ufffdO DO\n     ESTADO.\nINDEXA\ufffd\ufffdO\n\n     ASSEMBLEIA NACIONAL CONSTITUINTE.\n     SISTEMA EDUCACIONAL.\n     POLITICA DE EMPREGO.\n     PARTIDOS POLITICOS.\n     REFORMA TRIBUTARIA.\n     CONSTITUI\ufffd\ufffdO.\n     MUNICIPIOS, COMPETENCIA TRIBUTARIA.\nSUGEST\ufffdO\n\n     Primeiramente n\ufffdo concordo com uma Constitui\ufffd\ufffdo que ser\ufffd elaborada\n     por eleitos de partido pol\ufffdtico. Os Constituites deveriam ser\n     retirados do seio da sociedade e n\ufffdo das agremia\ufffd\ufffdes\n     pol\ufffdtico-partid\ufffdrias.\n     Dever\ufffdamos ter lavadeiras, engenheiros, garis, analfabetos, doutores,\n     todos juntos expressando e construindo a lei r\ufffdgia que ser\ufffd a\n     mantedora da ordem e do direito. Deveriam ser reunidos por tempo\n     determinado, ap\ufffds o qual voltariam ao seu cotidiano.\n     Acredito que a Constitui\ufffd\ufffdo deva seguir uma \ufffdnica linha filos\ufffdfica,\n     que a mesma preocupe-se com o homem fil\ufffdsofo, que constr\ufffdi a hist\ufffdria\n     sem o saber.\n     As prioridades da constituinte, educa\ufffd\ufffdo, direito, trabalho, e\n     pol\ufffdtica e tudo mais estar\ufffd inclu\ufffddo e subentendido nos principais\n     t\ufffdpicos.\n     Acredito que seria o momento para que se refizesse a reforma\n     tribut\ufffdria e que o bolo do munic\ufffdpio aumentasse para que ao menos a\n     Constituinte tivesse algum valor, pois realmente nada ser\ufffd feito se a\n     Uni\ufffdo continua dominando o patrim\ufffdnio monet\ufffdrio. Anisio Teixeira\n     deveria ser revisto posto que ele posicionava-se maravilhosamente\n     quanto a esse aspecto.\n     Sinto-me cidad\ufffd pouco preparada para insinuar a realidade hist\ufffdrica\n     do pa\ufffds e n\ufffdo quero que meus filhos sintam-se assim"
"Maria e Jesus Barroso de Sousa\nENDERE\ufffdO\n\n     Rua Rio Branco 819\nLOCALIZA\ufffd\ufffdO\n\n     MUNICIPIO: COLINAS                          UF: MA   CEP: 65690\nDADOS PESSOAIS\n\n     SEXO        : 02 - FEMININO\n     MORADOR     : 02 - ZONA URBANA\n     INSTRU\ufffd\ufffdO   : 03 - PRIMEIRO GRAU COMPLETO\n     ESTADO CIVIL: 02 - CASADA\n     FAIXA ET\ufffdRIA: 04 - 25 A 29 ANOS\n     FAIXA RENDA : 01 - AT\ufffd 1 SAL\ufffdRIO M\ufffdNIMO\n     ATIVIDADE   : 11 - OUTRAS ATIVIDADES\nCAT\ufffdLOGO\n\n     POLITICA - ESTRUTURA DO ESTADO, DIREITO - ORGANIZA\ufffd\ufffdO DO\n     ESTADO.\nINDEXA\ufffd\ufffdO\n\n     DIREITOS E DEVERES.\n     ATIVIDADE POLITICA.\nSUGEST\ufffdO\n\n     Entendo que constitui\ufffd\ufffdo \ufffd a que regular os direitos e deveres do\n     cidad\ufffdo em rela\ufffd\ufffdo ao estado.\n     Espero que a constitui\ufffd\ufffdo fa\ufffda com que nossos canditados trabalhem de\n     m\ufffdos dadas e dirijam com homens honestidade os seus direitos e\n     respeitem os direitos de todos n\ufffds"
"carlos henrique misorelli de miranda\nENDERE\ufffdO\n\n     r gr\ufffdcia 489\nLOCALIZA\ufffd\ufffdO\n\n     MUNICIPIO: S\ufffdO PAULO                        UF: SP   CEP: 01450\nDADOS PESSOAIS\n\n     SEXO        : 01 - MASCULINO\n     MORADOR     : 02 - ZONA URBANA\n     INSTRU\ufffd\ufffdO   : 07 - SUPERIOR COMPLETO\n     ESTADO CIVIL: 01 - SOLTEIRO\n     FAIXA ET\ufffdRIA: 04 - 25 A 29 ANOS\n     FAIXA RENDA : 05 - MAIS DE 05 A 10 S.M.\n     ATIVIDADE   : 03 - IND\ufffdSTRIA DE CONSTRU\ufffd\ufffdO\nCAT\ufffdLOGO\n\n     POLITICA - ESTRUTURA DO ESTADO, DIREITO - ORGANIZA\ufffd\ufffdO DO\n     ESTADO.\nINDEXA\ufffd\ufffdO\n\n     CONFISCO DE BENS, ATIVIDADE POLITICA.\nSUGEST\ufffdO\n\n     Os atos de um prefeito, governador, ou presidente com rela\ufffd\ufffdo a\n     desapropria\ufffd\ufffdes, obras p\ufffdblicas e afins, que julgadas como atos\n     impr\ufffdprios n\ufffdo opera\ufffd\ufffdo os cofres p\ufffdblicos e sim os bens particulares\n     de cada respons\ufffdvel pelo ato, seja ele prefeito, governador ou\n     presidente.\n     Os atos ser\ufffdo julgados pelo respectivo tribunal de contas e toda vez\n     que este tribunal sentenciar culpado, o respons\ufffdvel executivo\n     pagar\ufffd, \ufffds suas despesas, tudo que lhe for devido, por exemplo, em\n     obras desnecess\ufffdrias, compras sem utilidades e desapropria\ufffd\ufffdes sem\n     fim justific\ufffdvel"
"FRANCISCO ANTONIO VIERIA\nENDERE\ufffdO\n\n     RUA MARETA MACHADO 249\nLOCALIZA\ufffd\ufffdO\n\n     MUNICIPIO: SABARA                           UF: MG   CEP: 34500\nDADOS PESSOAIS\n\n     SEXO        : 01 - MASCULINO\n     MORADOR     : 02 - ZONA URBANA\n     INSTRU\ufffd\ufffdO   : 04 - SEGUNDO GRAU INCOMPLETO\n     ESTADO CIVIL: 01 - SOLTEIRO\n     FAIXA ET\ufffdRIA: 05 - 30 A 39 ANOS\n     FAIXA RENDA : 08 - SEM RENDIMENTO\n     ATIVIDADE   : 10 - COMUNICA\ufffd\ufffdO\nDESTINAT\ufffdRIO\n\n     ULYSSES GUIMAR\ufffdES\nCAT\ufffdLOGO\n\n     POLITICA PREVIDENCIARIA, POLITICA EDUCACIONAL,\n     TELECOMUNICA\ufffd\ufffdES, ADMINISTRA\ufffd\ufffdO DE PESSOAL - SERVI\ufffdO PUBLICO,\n     POLITICA - ESTRUTURA DO ESTADO, DIREITO - ORGANIZA\ufffd\ufffdO DO\n     ESTADO, POLITICA TRABALHISTA.\nINDEXA\ufffd\ufffdO\n\n     CATEGORIA PROFISSIONAL.\n     RECESSO PARLAMENTAR.\n     JETONS.\n     ATIVIDADE PARLAMENTAR.\n     LIMITE DE IDADE.\n     CONCURSO PUBLICO.\n     DECRETO-LEI.\n     LIBERDADE DE IMPRENSA.\n     COMUNICA\ufffd\ufffdO DE MASSA, CONCESS\ufffdES.\n     SISTEMA ELEITORAL.\n     ENSINO GRATUITO.\n     ASSISTENCIA MEDICA.\nSUGEST\ufffdO\n\n     1 Fazer lei restituindo os radialista(reporter) atuar nos\n     departamentos de jornalismo das r\ufffddios e tv, pois os maiores e\n     melhores reporteres vieram das emissoras de r\ufffddio.\n     A atual lei e discriminat\ufffdria.\n     2-Recesso parlamentar(congresso, assembl\ufffdia,) uma vez ao ano,de 15 de\n     dezembro a 15 de janeiro.\n     3 Extingir gratifica\ufffd\ufffdo, (jetons)p/ presen\ufffda em reuni\ufffdo .\n     4 Permitir o4 (quatro)aus\ufffdncia ou faltas de parlamentares, em\n     reuni\ufffdes do congresso, assembl\ufffdia, etc.\n     Durante o ano, para viagens ao exterior, tratamento de sa\ufffdde, etc.\n     o4 faltas n\ufffdo justificaveis acarretar\ufffd em perda do mandato.\n     5-Ap\ufffds promulga\ufffd\ufffdo da nova constitui\ufffd\ufffdo, toda e qualquer ememda\n     criando ou extingindo lei, fazer plebiscitas junto ao povo.\n     6-Extingir idade limite p/ concursos.\n     7-Extingir o decreto-lei.\n     8-Liberdade de impresa.\n     9-Concess\ufffdo de canais p/ r\ufffddios e tv atrav\ufffdz congresso .\n     10-elei\ufffd\ufffdo em todos os n\ufffdveis de verdada a presidente da rep\ufffdblica,\n     no mesmo dia e ano para prefeitos, governadores, e presidentes da\n     rep\ufffdblica, elei\ufffd\ufffdes em dois turnos.\n     11-Escola gratuita at\ufffd a universidade.\n     12-Passar assist\ufffdncia m\ufffddica para o minist\ufffdrio da sa\ufffdde"
"CLEITON SOUSA DO AMARAL\nENDERE\ufffdO\n\n     C\ufffdMARA MUNICIPAL DE VEREADORES\nLOCALIZA\ufffd\ufffdO\n\n     MUNICIPIO: ALTO PARNAIBA                    UF: MA   CEP: 65810\nDADOS PESSOAIS\n\n     SEXO        : 01 - MASCULINO\n     MORADOR     : 02 - ZONA URBANA\n     INSTRU\ufffd\ufffdO   : 05 - SEGUNDO GRAU COMPLETO\n     ESTADO CIVIL: 01 - SOLTEIRO\n     FAIXA ET\ufffdRIA: 05 - 30 A 39 ANOS\n     FAIXA RENDA : 02 - MAIS DE 01 A 02 S.M.\n     ATIVIDADE   : 11 - OUTRAS ATIVIDADES\nDESTINAT\ufffdRIO\n\n     EDISON LOB\ufffdO\nCAT\ufffdLOGO\n\n     POLITICA - ESTRUTURA DO ESTADO, DIREITO - ORGANIZA\ufffd\ufffdO DO\n     ESTADO.\nINDEXA\ufffd\ufffdO\n\n     ASSEMBLEIA NACIONAL CONSTITUINTE.\n     REPRESENTATIVIDADE.\nSUGEST\ufffdO\n\n     Considero que a nossa na\ufffd\ufffdo n\ufffdo necessita de apenas uma nova\n     Constituinte, \ufffd preciso tamb\ufffdm que seja composta, integralmente, de\n     parlamentares capazes e d\ufffdgnos de nos representar. Existem (2) dois\n     fatores graves que contribuem para o retardamento do nosso progresso,\n     o primeiro \ufffd que o brasileiro n\ufffdo sabe votar e o segundo \ufffd que o\n     representante de cada um, a n\ufffdveis munic\ufffdpal, estadual e federal, n\ufffdo\n     procura exigir o necess\ufffdrio cumprimento da pr\ufffdpria Constitui\ufffd\ufffdo\n     brasileira.\n     Contribuindo, na maioria, para a exist\ufffdncia de corruptos na coisa\n     p\ufffdblica. Esperamos, no entanto, que, com as r\ufffddias que o nosso\n     comandante Sarney vem freiando e com a participa\ufffd\ufffdo de nomes como o\n     Deputado Edison Lob\ufffdo, a Constituinte vindoura ir\ufffd permitir a\n     corre\ufffd\ufffdo da b\ufffdssula brasileira para uma nova forma de desenvolvimento\n     e justi\ufffda"
"Laurentino Augusto Falchi\nENDERE\ufffdO\n\n     Rua Fl\ufffdvio de Melo 236\nLOCALIZA\ufffd\ufffdO\n\n     MUNICIPIO: S\ufffdO PAULO                        UF: SP   CEP: 01213\nDADOS PESSOAIS\n\n     SEXO        : 01 - MASCULINO\n     MORADOR     : 02 - ZONA URBANA\n     INSTRU\ufffd\ufffdO   : 04 - SEGUNDO GRAU INCOMPLETO\n     FAIXA ET\ufffdRIA: 06 - 40 A 49 ANOS\n     FAIXA RENDA : 05 - MAIS DE 05 A 10 S.M.\n     ATIVIDADE   : 07 - ADMINISTRA\ufffd\ufffdO P\ufffdBLICA\nCAT\ufffdLOGO\n\n     POLITICA FINANCEIRA, POLITICA - ESTRUTURA DO ESTADO.\nINDEXA\ufffd\ufffdO\n\n     ATIVIDADE PARLAMENTAR.\n     IMPOSTO DE RENDA.\nSUGEST\ufffdO\n\n     1-) Fazer obrigat\ufffdria a presen\ufffda de deputados e senadores por pens\ufffdo\n     integral em todas as se\ufffd\ufffdes das respectivas c\ufffdmaras, impedindo assim\n     as manipula\ufffd\ufffdes de Quorum e as omiss\ufffdes.\n     2-) Fazer incidir sobre o total arrecadado mensalmente, inclusive por\n     vias transversas pelos \"Representantes do Povo\", o imposto de renda,\n     como fazem incidir sobre os sal\ufffdrios do trabalhador"
"luis alberto rodrigues\nENDERE\ufffdO\n\n     rua prudente de morais, 331 apto 19\nLOCALIZA\ufffd\ufffdO\n\n     MUNICIPIO: UNI\ufffdO DA VITORIA                 UF: PR   CEP: 84600\nDADOS PESSOAIS\n\n     SEXO        : 01 - MASCULINO\n     MORADOR     : 02 - ZONA URBANA\n     INSTRU\ufffd\ufffdO   : 07 - SUPERIOR COMPLETO\n     ESTADO CIVIL: 01 - SOLTEIRO\n     FAIXA ET\ufffdRIA: 04 - 25 A 29 ANOS\n     FAIXA RENDA : 02 - MAIS DE 01 A 02 S.M.\n     ATIVIDADE   : 07 - ADMINISTRA\ufffd\ufffdO P\ufffdBLICA\nCAT\ufffdLOGO\n\n     POLITICA - ESTRUTURA DO ESTADO.\n     MORDOMIA.\nINDEXA\ufffd\ufffdO\n\n     ATIVIDADE PARLAMENTAR.\n     ELEI\ufffd\ufffdO DIRETA (FAVORAVEL).\nSUGEST\ufffdO\n\n     Que todas as despesas com viagens, hospedagens e outros gastos,\n     quando em caracter particular, sejam pagas pelos pr\ufffdprios usu\ufffdrios e\n     n\ufffdo com o dinheiro p\ufffdblico.\n     Que o governo olhe pra si e tamb\ufffdm seja fiscal do Sarney,\n     fiscalizando-se.\n     Porque n\ufffdo adianta o povo fiscalizar e ser fiscalizado, sendo que o\n     resultado desta ficaliza\ufffd\ufffdo \ufffd abocanhado pelos nossos\n     \"parlamentares\".\n     Conscientizar os parlamentares de suas atribui\ufffd\ufffdes, obriga\ufffd\ufffdes e\n     prerrogativas.\n     Pois tem muita gente embolando o meio de campo e n\ufffdo agindo de forma\n     consciente.\n     Elei\ufffd\ufffdes diretas, para todos os n\ufffdveis, inclusive presidente.\n     E que se d\ufffd a prefer\ufffdncia a pessoa humana \"homem\" e \"mulher\" capaz e\n     n\ufffdo a barbaridade, casu\ufffdsmos e outros interesses"
"leonice dos santos\nENDERE\ufffdO\n\n     rua carmela dutra n.29\nLOCALIZA\ufffd\ufffdO\n\n     MUNICIPIO: SABAUDIA                         UF: PR   CEP: 86710\nDADOS PESSOAIS\n\n     SEXO        : 02 - FEMININO\n     MORADOR     : 02 - ZONA URBANA\n     INSTRU\ufffd\ufffdO   : 02 - PRIMEIRO GRAU INCOMPLETO\n     ESTADO CIVIL: 01 - SOLTEIRA\n     FAIXA ET\ufffdRIA: 02 - 15 A 19 ANOS\n     FAIXA RENDA : 08 - SEM RENDIMENTO\n     ATIVIDADE   : 11 - OUTRAS ATIVIDADES\nDESTINAT\ufffdRIO\n\n     MATHEUS IENSEN\nCAT\ufffdLOGO\n\n     DIREITO - ORGANIZA\ufffd\ufffdO DO ESTADO, ORGANIZA\ufffd\ufffdO SOCIAL, POLITICA\n     EDUCACIONAL.\nINDEXA\ufffd\ufffdO\n\n     ENSINO.\n     POPULA\ufffd\ufffdO DE BAIXA RENDA.\n     MUNICIPIOS.\nSUGEST\ufffdO\n\n     Melhoramento de ensino.\n     Hospitais para carentes.  Mais assit\ufffdncia nos munic\ufffdpios"
"ALICE TRAASSOS DOS SANTOS\nENDERE\ufffdO\n\n     RUA BARBACENA74\nLOCALIZA\ufffd\ufffdO\n\n     MUNICIPIO: NANUQUE                          UF: MG   CEP: 39860\nDADOS PESSOAIS\n\n     SEXO        : 02 - FEMININO\n     MORADOR     : 02 - ZONA URBANA\n     INSTRU\ufffd\ufffdO   : 07 - SUPERIOR COMPLETO\n     ESTADO CIVIL: 01 - SOLTEIRA\n     FAIXA ET\ufffdRIA: 07 - 50 A 59 ANOS\n     FAIXA RENDA : 04 - MAIS DE 03 A 05 S.M.\n     ATIVIDADE   : 11 - OUTRAS ATIVIDADES\nDESTINAT\ufffdRIO\n\n     MURILO BADARO\nCAT\ufffdLOGO\n\n     DIREITO - ORGANIZA\ufffd\ufffdO DO ESTADO, ORGANIZA\ufffd\ufffdO SOCIAL, POLITICA\n     NACIONAL DE SAUDE, POLITICA - ESTRUTURA DO ESTADO, POLITICA\n     EDUCACIONAL.\nINDEXA\ufffd\ufffdO\n\n     OBRIGATORIEDADE DO ENSINO (FAVORAVEL).\n     NACIONALIDADE.\n     ATIVIDADE EXTRA-CURRICULAR.\n     ENSINO.\n     SERVI\ufffdOS HOSPITALARES.\n     CONSUMIDOR DE DROGAS, TRAFICANTE.\n     CODIGO PENAL.\nSUGEST\ufffdO\n\n     1- Obrigatoriedade de todo cidad\ufffdo brasileiro saber escrever,\n     entender e cantar o hino nacional.\n     2- Fiscaliza\ufffd\ufffdo rigorosa nas escolas oficiais estaduais, e municipais\n     no sentido do respeito \ufffd na\ufffd\ufffdo brasileira.\n     3- Cria\ufffd\ufffdo de hortas municipais e estaduais com t\ufffdcnicas\n     desenvolvidas pelos alunos.\n     4- Volta do exame de admiss\ufffdo para melhor sele\ufffd\ufffdo a 5a. s\ufffdrie.\n     5- Constru\ufffd\ufffdo de redes de hospitais de porte m\ufffddio para assist\ufffdncia a\n     inf\ufffdncia.\n     6- Fiscaliza\ufffd\ufffdo e extermina\ufffd\ufffdo de toxic\ufffdmanos, l\ufffdderes.\n     7- mudan\ufffda no c\ufffddigo penal no sentido ou melhor, no que se refere a\n     senten\ufffdas curtas, para serem mais prolongadas no caso de assaltantes\n     \ufffd m\ufffdo armada"
"JOAO WENCESLAU MARQUES\nENDERE\ufffdO\n\n     RUA CARLOS GOMES S/N\nLOCALIZA\ufffd\ufffdO\n\n     MUNICIPIO: PEROLA                           UF: PR   CEP: 87540\nDADOS PESSOAIS\n\n     SEXO        : 01 - MASCULINO\n     MORADOR     : 02 - ZONA URBANA\n     INSTRU\ufffd\ufffdO   : 02 - PRIMEIRO GRAU INCOMPLETO\n     ESTADO CIVIL: 02 - CASADO\n     FAIXA ET\ufffdRIA: 06 - 40 A 49 ANOS\n     FAIXA RENDA : 02 - MAIS DE 01 A 02 S.M.\n     ATIVIDADE   : 03 - IND\ufffdSTRIA DE CONSTRU\ufffd\ufffdO\nDESTINAT\ufffdRIO\n\n     HELIO DUQUE\nCAT\ufffdLOGO\n\n     POLITICA TRABALHISTA, ORGANIZA\ufffd\ufffdO SOCIAL, POLITICA\n     EDUCACIONAL, DIREITO - ORGANIZA\ufffd\ufffdO DO ESTADO.\nINDEXA\ufffd\ufffdO\n\n     DIREITO DE PROPRIEDADE, MUNICIPIOS.\n     ENSINO SUPERIOR, POPULA\ufffd\ufffdO DE BAIXA RENDA.\n     MERCADO DE TRABALHO.\n     CRIMINOSO PRIMARIO.\n     ABORTO (CONTRARIO).\n     TORTURA.\n     VIOLENCIA.\n     PENA DE MORTE (CONTRARIO).\nSUGEST\ufffdO\n\n     Munic\ufffdpios que se dividem em minifundios deveriam ter limite para\n     cada pessoa adquirir terras; e o ensino superior deveria ser ao\n     alcance de todos e n\ufffdo apenas dos que tem dinheiro.\n     Maior compo de trabalho de maneira que todos possam trabalhar.\n     Deveria acabar com a fian\ufffda, para os r\ufffdus prim\ufffdrios.\n     Deveria combater os atentados contra a vida, como o aborto, tortura,\n     viol\ufffdncia e pena de morte"
"JANIR ALOISIO DOS SANTOS\nENDERE\ufffdO\n\n     AV. FCO JOS\ufffd LONGO, 622 AP 231\nLOCALIZA\ufffd\ufffdO\n\n     MUNICIPIO: S\ufffdO JOSE DOS CAMPOS              UF: SP   CEP: 12200\nDADOS PESSOAIS\n\n     SEXO        : 01 - MASCULINO\n     MORADOR     : 02 - ZONA URBANA\n     INSTRU\ufffd\ufffdO   : 08 - P\ufffdS-GRADUA\ufffd\ufffdO\n     ESTADO CIVIL: 02 - CASADO\n     FAIXA ET\ufffdRIA: 05 - 30 A 39 ANOS\n     FAIXA RENDA : 07 - MAIS DE 20 S.M.\n     ATIVIDADE   : 02 - IND\ufffdSTRIA DE TRANSFORMA\ufffd\ufffdO\nDESTINAT\ufffdRIO\n\n     ALVARO VALLE\nCAT\ufffdLOGO\n\n     DIREITO - ORGANIZA\ufffd\ufffdO DO ESTADO, POLITICA - ESTRUTURA DO\n     ESTADO, ADMINISTRA\ufffd\ufffdO DE PESSOAL - SERVI\ufffdO PUBLICO.\nINDEXA\ufffd\ufffdO\n\n     REMUNERA\ufffd\ufffdO, ATIVIDADE PARLAMENTAR.\n     SUBSIDIOS.\n     RECESSO PARLAMENTAR.\nSUGEST\ufffdO\n\n     Objetivos das sugest\ufffdes: racionaliza\ufffd\ufffdo e moraliza\ufffd\ufffdo do poder\n     Legislativo.\n     1) Que os deputados, senadores (e vereadores) tenham seus rendimentos\n     de alguma forma vinculados a sua real participa\ufffd\ufffdo nas reuni\ufffdes e\n     prepara\ufffd\ufffdo de Leis e Projetos de leis.\n     2) Que sejam impedidos de enviar cart\ufffdes de natal e brindes de\n     qualquer natureza, financiados pelo dinheiro p\ufffdblico.\n     3) Que os deputados e senadores tenham per\ufffdodos de trabalho como\n     trabalhadores normais, isto \ufffd, que seja extinto o recesso longo e que\n     os membros do poder legislativo tenham f\ufffdrias normais de 30 dias por\n     ano"
"LUIZ SOUZA DE OLIVEIRA\nENDERE\ufffdO\n\n     R. B\ufffdO DE MESQUITA 174 APTO 505\nLOCALIZA\ufffd\ufffdO\n\n     MUNICIPIO: RIO DE JANEIRO                   UF: RJ   CEP: 20540\nDADOS PESSOAIS\n\n     SEXO        : 01 - MASCULINO\n     MORADOR     : 02 - ZONA URBANA\n     INSTRU\ufffd\ufffdO   : 07 - SUPERIOR COMPLETO\n     ESTADO CIVIL: 02 - CASADO\n     FAIXA ET\ufffdRIA: 07 - 50 A 59 ANOS\n     FAIXA RENDA : 04 - MAIS DE 03 A 05 S.M.\n     ATIVIDADE   : 11 - OUTRAS ATIVIDADES\nCAT\ufffdLOGO\n\n     DIREITO - ORGANIZA\ufffd\ufffdO DO ESTADO, POLITICA - ESTRUTURA DO\n     ESTADO, POLITICA TRABALHISTA.\nINDEXA\ufffd\ufffdO\n\n     APOSENTADORIA, CLT.\n     ATIVIDADE PARLAMENTAR.\n     JETONS.\n     RECESSO PARLAMENTAR.\n     PORTE DE ARMA.\n     ELEI\ufffd\ufffdO EM DOIS TURNOS.\n     CONGRESSO NACIONAL.\nSUGEST\ufffdO\n\n     1) Rever toda a legisla\ufffd\ufffdo trabalhista no que concerne ao aposentado.\n     2) Tornar o trabalho de Senadores, Deputados e Vereadores\n     obrigat\ufffdrio, acabar com o excessivo recesso parlamentar, jetons etc.\n     3) Criar Lei que pro\ufffdba o porte de armas para o cidad\ufffdo comum, civil\n     e militar, fora dos quarteis, reformados, assim como para delegados,\n     ju\ufffdzes, promotores, comiss\ufffdrios e policiais civis, quando fora de\n     servi\ufffdo, outrossim obrigar a destrui\ufffd\ufffdo p\ufffdblica, de todas as armas e\n     muni\ufffd\ufffdes apreendida a fim de evitar o que \ufffd muito comum o retorno de\n     armas, por venda para a popula\ufffd\ufffdo.\n     4) Fazer elei\ufffd\ufffdes em 2 turnos.\n     5) diminuir substancialmente o n\ufffdmero de congressistas eleitos e\n     auxiliares (secret\ufffdrios)"
"Maria Julia C Maia\nENDERE\ufffdO\n\n     Rua Par\ufffd 433 Apto 23\nLOCALIZA\ufffd\ufffdO\n\n     MUNICIPIO: CATANDUVA                        UF: SP   CEP: 15800\nDADOS PESSOAIS\n\n     SEXO        : 02 - FEMININO\n     MORADOR     : 02 - ZONA URBANA\n     INSTRU\ufffd\ufffdO   : 05 - SEGUNDO GRAU COMPLETO\n     ESTADO CIVIL: 02 - CASADA\n     FAIXA ET\ufffdRIA: 06 - 40 A 49 ANOS\n     FAIXA RENDA : 08 - SEM RENDIMENTO\n     ATIVIDADE   : 11 - OUTRAS ATIVIDADES\nCAT\ufffdLOGO\n\n     POLITICA EDUCACIONAL, POLITICA PREVIDENCIARIA, POLITICA -\n     ESTRUTURA DO ESTADO, ADMINISTRA\ufffd\ufffdO DE PESSOAL - SERVI\ufffdO\n     PUBLICO, POLITICA TRABALHISTA, DIREITO - ORGANIZA\ufffd\ufffdO DO\n     ESTADO, ORGANIZA\ufffd\ufffdO SOCIAL.\nINDEXA\ufffd\ufffdO\n\n     DONA DE CASA.\n     ABORTO.\n     TRABALHO DO PRESIDIARIO.\n     TRABALHO DO MENOR.\n     REMUNERA\ufffd\ufffdO, CARGO POLITICO.\n     ASSISTENCIA MEDICA.\n     ASSISTENCIA FARMACEUTICA.\n     ESTUDANTE EXCEPCIONAL.\nSUGEST\ufffdO\n\n     1- Sal\ufffdrio e direitos para a dona de casa.\n     2- Contra a lei do aborto.\n     3- Trabalho para os presos.\n     4- Sinceridade do governo para com o povo, deixar de iludir o povo\n     com propostas que n\ufffdo s\ufffdo verdadeiras.\n     5- Trabalho para o menor, ocupar o menor.\n     6- Que a pessoa que serve \ufffd comunidade com seus direitos pol\ufffdticos\n     (Vereadores, Deputados etc), n\ufffdo fosse uma casta privelegiada com\n     sal\ufffdrios absurdos, completamente em desn\ufffdvel com o sal\ufffdrio do povo.\n     7- Melhor assist\ufffdncia m\ufffddica para o povo e assist\ufffdncia em rem\ufffddios.\n     8- Puni\ufffd\ufffdes para aqueles que exploram o povo, principalmente os que\n     usam do poder p\ufffdblico.\n     9- Um aluno mongol\ufffdide para cada classe normal"
"Aparecida ribeiro dos Santos\nENDERE\ufffdO\n\n     Rua Par\ufffd 433 apto 122\nLOCALIZA\ufffd\ufffdO\n\n     MUNICIPIO: CATANDUVA                        UF: SP   CEP: 15800\nDADOS PESSOAIS\n\n     SEXO        : 02 - FEMININO\n     MORADOR     : 02 - ZONA URBANA\n     INSTRU\ufffd\ufffdO   : 05 - SEGUNDO GRAU COMPLETO\n     ESTADO CIVIL: 02 - CASADA\n     FAIXA ET\ufffdRIA: 06 - 40 A 49 ANOS\n     FAIXA RENDA : 08 - SEM RENDIMENTO\n     ATIVIDADE   : 11 - OUTRAS ATIVIDADES\nCAT\ufffdLOGO\n\n     POLITICA NACIONAL DE SAUDE, POLITICA - ESTRUTURA DO ESTADO,\n     ADMINISTRA\ufffd\ufffdO DE PESSOAL - SERVI\ufffdO PUBLICO, MEIO AMBIENTE -\n     ECOLOGIA, POLITICA ENERGETICA, POLITICA HABITACIONAL,\n     POLITICA EDUCACIONAL, DIREITO - ORGANIZA\ufffd\ufffdO DO ESTADO,\n     POLITICA TRABALHISTA, ORGANIZA\ufffd\ufffdO SOCIAL.\nINDEXA\ufffd\ufffdO\n\n     DONA DE CASA, SALARIO.\n     ABORTO.\n     DIVORCIO.\n     ENSINO GRATUITO.\n     HABITA\ufffd\ufffdO.\n     POLITICA DE EMPREGO.\n     TRABALHO DO PRESIDIARIO.\n     DIREITO DE PROPRIEDADE.\n     ASSISTENCIA A MATERNIDADE.\n     ENERGIA NUCLEAR.\n     DEFESA DO MEIO AMBIENTE.\n     ESTUDANTE EXCEPCIONAL.\n     REMUNERA\ufffd\ufffdO, CARGO POLITICO.\n     PUNI\ufffd\ufffdO.\n     SISTEMA NACIONAL DE SAUDE.\n     TRABALHO DO DEFICIENTE.\nSUGEST\ufffdO\n\n     1) Sal\ufffdrio para as donas de casa que constroem os homens de uma na\ufffd\ufffdo\n     sem outro trabalho, na labuta do dia a dia.\n     2) Contra a lei do aborto.\n     3) O div\ufffdrcio s\ufffd poder\ufffd existir uma vez.\n     3) Sal\ufffdrios justos para os homens, que n\ufffdo obrigue a mulher a\n     trabalhar.\n     4) Escolas e Universidades n\ufffdo pagas para todos.\n     5) Sa\ufffdde ao alcance de todos, sem filas e mendiga\ufffd\ufffdo de consultas,\n     com aux\ufffdlio de medicamentos.\n     6) Moradia e trabalho para todos.\n     7) Trabalho para o preso.\n     8) Todo homem tem direito a sua propriedade.\n     9) Apoio e orienta\ufffd\ufffdo \ufffd m\ufffde solteira.\n     10) N\ufffdo instala\ufffd\ufffdo de Usinas Necleares.\n     11) Preservar a natureza e conscientizar o povo da import\ufffdncia\n     ecol\ufffdgica.\n     12) N\ufffdo preconceito com o deficiente e trabalho para ele.\n     13) Inclus\ufffdo do mongoloide em classes normais.\n     14) Moraliza\ufffd\ufffdo dos cursos vagos.\n     15) Puni\ufffd\ufffdo para aqueles que exploram o povo, principalmente os que\n     usam do poder p\ufffdblico.\n     16) Que a pessoa que serve a comunidade com seus direitos pol\ufffdticos\n     (vereadores - deputados) n\ufffdo fosse uma casta privilegiada com\n     sal\ufffdrios absurdos - sem pagar"
"Leda Merigle Ramos\nENDERE\ufffdO\n\n     R. Cear\ufffd 734\nLOCALIZA\ufffd\ufffdO\n\n     MUNICIPIO: CATANDUVA                        UF: SP   CEP: 15800\nDADOS PESSOAIS\n\n     SEXO        : 02 - FEMININO\n     MORADOR     : 02 - ZONA URBANA\n     INSTRU\ufffd\ufffdO   : 07 - SUPERIOR COMPLETO\n     ESTADO CIVIL: 02 - CASADA\n     FAIXA ET\ufffdRIA: 05 - 30 A 39 ANOS\n     FAIXA RENDA : 04 - MAIS DE 03 A 05 S.M.\n     ATIVIDADE   : 11 - OUTRAS ATIVIDADES\nCAT\ufffdLOGO\n\n     POLITICA ENERGETICA, TELECOMUNICA\ufffd\ufffdES, POLITICA HABITACIONAL,\n     DIREITO - ORGANIZA\ufffd\ufffdO DO ESTADO, POLITICA TRABALHISTA,\n     ORGANIZA\ufffd\ufffdO SOCIAL, POLITICA PREVIDENCIARIA, POLITICA\n     EDUCACIONAL.\nINDEXA\ufffd\ufffdO\n\n     ESTUDANTE EXCEPCIONAL.\n     APOSENTADORIA.\n     TRABALHO DO PRESIDIARIO.\n     ABORTO (CONTRARIO).\n     DONA DE CASA, SALARIO.\n     DIVORCIO.\n     POLITICA DE EMPREGO.\n     HABITA\ufffd\ufffdO.\n     ENSINO GRATUITO.\n     COMUNICA\ufffd\ufffdO DE MASSA.\n     ENERGIA NUCLEAR.\n     ENSINO PROFISSIONALIZANTE.\nSUGEST\ufffdO\n\n     1) Para as escolas de 1o. grau aceitarem pelo menos 1 crian\ufffda\n     portadora da s\ufffdndrome de Down por classe.\n     2) Sal\ufffdrio do aposentado = sal\ufffdrio de quem est\ufffd na ativa.\n     3) Trabalho p/ presos.\n     4) Contra o aborto.\n     5) Sal\ufffdrio p/ donas de casa.\n     6) Div\ufffdrcio apenas 1 vez.\n     7) Moradia e trabalho p/ todos.\n     8) Escolas e universidades gratuitas p/ quem n\ufffdo pode pagar.\n     9) Tempo integral de escolas do 1o. grau.\n     10) Meios de comunica\ufffd\ufffdo passando para o povo verdades que interessam\n     ao povo.\n     11) N\ufffdo instala\ufffd\ufffdo de usinas nucleares no Brasil.\n     12) Moraliza\ufffd\ufffdo dos cursos vagos.\n     13) Escolas profissionalizantes"
"Yolanda Barbosa Elias\nENDERE\ufffdO\n\n     Rua Par\ufffd\nLOCALIZA\ufffd\ufffdO\n\n     MUNICIPIO: CATANDUVA                        UF: SP   CEP: 15800\nDADOS PESSOAIS\n\n     SEXO        : 02 - FEMININO\n     MORADOR     : 02 - ZONA URBANA\n     INSTRU\ufffd\ufffdO   : 04 - SEGUNDO GRAU INCOMPLETO\n     ESTADO CIVIL: 03 - VI\ufffdVA\n     FAIXA ET\ufffdRIA: 08 - ACIMA DE 59 ANOS\n     ATIVIDADE   : 11 - OUTRAS ATIVIDADES\nCAT\ufffdLOGO\n\n     POLITICA INDIGENISTA, DIREITO - ORGANIZA\ufffd\ufffdO DO ESTADO,\n     POLITICA TRABALHISTA, POLITICA EDUCACIONAL, ORGANIZA\ufffd\ufffdO\n     SOCIAL, POLITICA NACIONAL DE SAUDE.\nINDEXA\ufffd\ufffdO\n\n     SAUDE PUBLICA.\n     ALIMENTA\ufffd\ufffdO.\n     SISTEMA EDUCACIONAL.\n     TRABALHO DA MULHER.\n     DIREITOS DO CIDAD\ufffdO.\n     CORRUP\ufffd\ufffdO.\n     DONA DE CASA, APOSENTADORIA.\n     ESTUDANTE EXCEPCIONAL.\n     DIREITOS DO INDIO.\n     ENSINO PROFISSIONALIZANTE.\nSUGEST\ufffdO\n\n     Sa\ufffdde, alimenta\ufffd\ufffdo e educa\ufffd\ufffdo.\n     Que na futura Constitui\ufffd\ufffdo tenha mais mulheres como deputadas e\n     senadoras.\n     Que os nossos direitos sejam respeitados e n\ufffdo haja tanta corrup\ufffd\ufffdo.\n     Aposentadoria para as donas de casa, com direito a previd\ufffdncia\n     social.\n     Inclus\ufffdo da crian\ufffda mongol\ufffdide nas classes comuns de 1o. grau, desde\n     que ela tenha condi\ufffd\ufffdo de viver nesse meio social.\n     Tempo integral de escola para a crian\ufffda de 1a a 4a. s\ufffdrie, come\ufffdando\n     pelas crian\ufffdas de classes menos abastadas.\n     Respeito ao \ufffdndio, respeitando seus direitos.\n     Escolas profissionalizantes"
"Eracy piva Ramires\nENDERE\ufffdO\n\n     R Fortaleza 384\nLOCALIZA\ufffd\ufffdO\n\n     MUNICIPIO: CATANDUVA                        UF: SP   CEP: 15800\nDADOS PESSOAIS\n\n     SEXO        : 02 - FEMININO\n     MORADOR     : 02 - ZONA URBANA\n     INSTRU\ufffd\ufffdO   : 05 - SEGUNDO GRAU COMPLETO\n     ESTADO CIVIL: 02 - CASADA\n     FAIXA ET\ufffdRIA: 06 - 40 A 49 ANOS\n     FAIXA RENDA : 05 - MAIS DE 05 A 10 S.M.\n     ATIVIDADE   : 05 - COM\ufffdRCIO DE MERCADORIAS\nCAT\ufffdLOGO\n\n     POLITICA NACIONAL DE SAUDE, ORGANIZA\ufffd\ufffdO SOCIAL, POLITICA\n     TRABALHISTA, POLITICA HABITACIONAL, POLITICA EDUCACIONAL,\n     DIREITO - ORGANIZA\ufffd\ufffdO DO ESTADO.\nINDEXA\ufffd\ufffdO\n\n     PENA DE MORTE (FAVORAVEL).\n     ESTUDANTE EXCEPCIONAL.\n     IGUALDADE DE DIREITOS.\n     HABITA\ufffd\ufffdO.\n     TRABALHO DA MULHER.\n     ABORTO (CONTRARIO).\n     SAUDE PUBLICA.\n     DIVORCIO.\n     TRABALHO DO MENOR.\n     CENSURA.\n     ENSINO PROFISSIONALIZANTE.\nSUGEST\ufffdO\n\n     Pena de morte para estupro e morte. Pris\ufffdo agr\ufffdcola.\n     Para que as escolas oficiais aceitem crian\ufffdas mongol\ufffdides.\n     Que o homem e a mulher tenham direitos iguais.\n     Que todos tenham habita\ufffd\ufffdo.\n     Sal\ufffdrio justo para mulheres.\n     Contra o aborto.\n     Governo n\ufffdo iludir o povo.\n     Melhor assist\ufffdncia m\ufffddica.\n     O div\ufffdrcio s\ufffd uma vez.\n     Trabalho para o menor abandonado.\n     Censura na TV. Cultura para todos e escolas profissionalizantes.\n     Fechamento cursos vagos. Moraliza\ufffd\ufffdo"
"Leonilo de Oliveira Siqueira\nENDERE\ufffdO\n\n     R. Nato Cavalcante 368\nLOCALIZA\ufffd\ufffdO\n\n     MUNICIPIO: ARCOVERDE                        UF: PE   CEP: 56500\nDADOS PESSOAIS\n\n     SEXO        : 01 - MASCULINO\n     MORADOR     : 02 - ZONA URBANA\n     INSTRU\ufffd\ufffdO   : 04 - SEGUNDO GRAU INCOMPLETO\n     ESTADO CIVIL: 01 - SOLTEIRO\n     FAIXA ET\ufffdRIA: 03 - 20 A 24 ANOS\n     FAIXA RENDA : 08 - SEM RENDIMENTO\n     ATIVIDADE   : 11 - OUTRAS ATIVIDADES\nDESTINAT\ufffdRIO\n\n     DJALMA BOM\nCAT\ufffdLOGO\n\n     POLITICA ECONOMICA, POLITICA NACIONAL DE SAUDE, POLITICA\n     PREVIDENCIARIA, POLITICA FINANCEIRA, ADMINISTRA\ufffd\ufffdO DE PESSOAL\n     - SERVI\ufffdO PUBLICO, POLITICA INDUSTRIAL, POLITICA - ESTRUTURA\n     DO ESTADO, POLITICA EDUCACIONAL, ORGANIZA\ufffd\ufffdO SOCIAL, POLITICA\n     TRABALHISTA, POLITICA AGRICOLA, DIREITO - ORGANIZA\ufffd\ufffdO DO\n     ESTADO.\nINDEXA\ufffd\ufffdO\n\n     ASSEMBLEIA NACIONAL CONSTITUINTE.\n     REFORMA AGRARIA (FAVORAVEL).\n     SEGURAN\ufffdA DO TRABALHO, TRABALHO DO MENOR.\n     SEGURAN\ufffdA PUBLICA.\n     REPRESENTATIVIDADE ESTUDANTIL.\n     REGI\ufffdO NORDESTE, SEGURO DESEMPREGO.\n     ESTABELECIMENTO INDUSTRIAL.\n     CONCURSO PUBLICO.\n     CONSELHO MONETARIO NACIONAL.\n     MEIOS DE COMUNICA\ufffd\ufffdO DE MASSA.\n     PREVIDENCIA SOCIAL.\n     MEDICINA PREVENTIVA.\n     CENSURA.\n     EMPRESA MULTINACIONAL.\n     ELEI\ufffd\ufffdO DIRETA (FAVORAVEL).\nSUGEST\ufffdO\n\n     - Por uma Constituinte n\ufffdo congressual.\n     - Uma reforma agr\ufffdria abrangente.\n     - Seguran\ufffda no emprego dos jovens.\n     - Mais apoio na classe m\ufffddia.\n     - Seguran\ufffda na popula\ufffd\ufffdo, ordem e justi\ufffda.\n     - Votada a lei, terra para todos.\n     - Direitos para os alunos das escolas p\ufffdblicas, autarquias de ensino\n     no voto direto para diretor.\n     - Sal\ufffdrio desemprego sem restri\ufffd\ufffdes.\n     - Descentraliza\ufffd\ufffdo das ind\ufffdstrias e interioriza\ufffd\ufffdo.\n     - Concursos p\ufffdblicos e reciclagem de profissionais.\n     - Participa\ufffd\ufffdo de trabalhadores no conselho monet\ufffdrio internacional.\n     - Pereniza\ufffd\ufffdo nos rios do nordeste.\n     - Concess\ufffdo de canais de comunica\ufffd\ufffdo alternativos em cadeias\n     nacionais.\n     - Previd\ufffdncia social extensiva e sa\ufffdde preventiva.\n     - Extin\ufffd\ufffdo completa da censura pol\ufffdtica.\n     - Controle mais amplo dos lucros multinacionais.\n     - Elei\ufffd\ufffdes diretas em todos os n\ufffdveis.\n     - Concursos p\ufffdblicos e reciclagem de profissionais"
"amauri costa medeiros\nENDERE\ufffdO\n\n     r senador cortes 109\nLOCALIZA\ufffd\ufffdO\n\n     MUNICIPIO: MAR DE ESPANHA                   UF: MG   CEP: 36640\nDADOS PESSOAIS\n\n     SEXO        : 01 - MASCULINO\n     MORADOR     : 02 - ZONA URBANA\n     INSTRU\ufffd\ufffdO   : 05 - SEGUNDO GRAU COMPLETO\n     ESTADO CIVIL: 01 - SOLTEIRO\n     FAIXA ET\ufffdRIA: 03 - 20 A 24 ANOS\n     FAIXA RENDA : 01 - AT\ufffd 1 SAL\ufffdRIO M\ufffdNIMO\n     ATIVIDADE   : 04 - OUTRAS ATIVIDADES INDUSTRIAIS\nCAT\ufffdLOGO\n\n     POLITICA - ESTRUTURA DO ESTADO, MEIO AMBIENTE - ECOLOGIA,\n     POLITICA EDUCACIONAL, ORGANIZA\ufffd\ufffdO SOCIAL.\nINDEXA\ufffd\ufffdO\n\n     JUVENTUDE.\n     ENSINO SUPERIOR, REDE DE ENSINO.\n     DEFESA DO MEIO AMBIENTE.\n     CULTURA.\n     ATIVIDADE POLITICA.\nSUGEST\ufffdO\n\n     Espero que a pr\ufffdxima Constitui\ufffd\ufffdo, seja mais rigorosa no que diz\n     respeito ao menor,ao adolescente. Que tem f\ufffdcil acesso a bebidas\n     alc\ufffdlicas,  cigarros, etc, e tamb\ufffdm em rela\ufffd\ufffdo ao estudo, porque n\ufffds\n     do interior, n\ufffdo temos muitos campo de estudo, espero que a\n     constitui\ufffd\ufffdo traga um campo maior de faculdades e escolas superiores\n     no interior, e espero que a constituinte seja mais clara \ufffd ecologia,\n     ao meio ambiente, que seja dada uma cobertura maior as reservas\n     florestais uma pena mais rigorosa aos ca\ufffdadores que haja uma\n     divulga\ufffd\ufffdo maior da cultura Brasileira .\n     Espero que tenhamos uma lei mais r\ufffdgida com a pol\ufffdtica para que haja\n     mais trabalho em prol do povo Brasileiro, e menos promessas, e fa\ufffdo\n     votos que aqueles que forem indicados pelo povo para elaborarem a\n     nova constitui\ufffd\ufffdo, sejam iluminados por Deus, ,pois \"FELIZ \ufffd A NA\ufffd\ufffdO\n     CUJO DEUS \ufffd O SENHOR"
"JO\ufffdO CARLOS CIDADE\nENDERE\ufffdO\n\n     R DES MOLA 2491 APT 37\nLOCALIZA\ufffd\ufffdO\n\n     MUNICIPIO: CURITIBA                         UF: PR   CEP: 80000\nDADOS PESSOAIS\n\n     SEXO        : 01 - MASCULINO\n     MORADOR     : 02 - ZONA URBANA\n     INSTRU\ufffd\ufffdO   : 07 - SUPERIOR COMPLETO\n     ESTADO CIVIL: 02 - CASADO\n     FAIXA ET\ufffdRIA: 05 - 30 A 39 ANOS\n     FAIXA RENDA : 07 - MAIS DE 20 S.M.\n     ATIVIDADE   : 07 - ADMINISTRA\ufffd\ufffdO P\ufffdBLICA\nDESTINAT\ufffdRIO\n\n     JO\ufffdO GILBERTO\nCAT\ufffdLOGO\n\n     ADMINISTRA\ufffd\ufffdO DE PESSOAL - SERVI\ufffdO PUBLICO, POLITICA -\n     ESTRUTURA DO ESTADO, DIREITO - ORGANIZA\ufffd\ufffdO DO ESTADO.\nINDEXA\ufffd\ufffdO\n\n     SERVI\ufffdO MILITAR.\n     VOTO OBRIGATORIO (CONTRARIO).\n     VOTO PROPORCIONAL (FAVORAVEL).\n     ATIVIDADE PARLAMENTAR.\n     JETONS.\n     CARGO PUPLICO.\nSUGEST\ufffdO\n\n     Criar o servi\ufffdo civil obrigat\ufffdrio para aqueles que n\ufffdo quizerem\n     servir as for\ufffdas armadas.\n     Estabelecer o voto facultativo e a representa\ufffd\ufffdo estadual de acordo\n     com o n\ufffdmero de eleitores que votarem. Acabar com a parte fixa e\n     vari\ufffdvel dos congressistas e estabelecer a verba de representa\ufffd\ufffdo\n     parlamentar tributada.\n     Estabelecer atrav\ufffds de lei que somente o cargo de ministro de estado\n     e cargo de confian\ufffda, os ocupados por funcionamos dos ministros\n     respectivo de acordo com os princ\ufffdpios lucrativos e de copetencia;\n     esta medida acabar\ufffd com o tr\ufffdfico de influ\ufffdncia a advocacia\n     administrativa e outros crimes que d\ufffdo diariamente petrados\n     adminstradores de seus cargos que n\ufffdo lhes pertecem por direito mais\n     tiveram por cumpricidade"
"Edmilson Batista de Jesus\nENDERE\ufffdO\n\n     Rua da concordia, 1267\nLOCALIZA\ufffd\ufffdO\n\n     MUNICIPIO: FEIRA DE SANTANA                 UF: BA   CEP: 44100\nDADOS PESSOAIS\n\n     SEXO        : 01 - MASCULINO\n     MORADOR     : 02 - ZONA URBANA\n     INSTRU\ufffd\ufffdO   : 05 - SEGUNDO GRAU COMPLETO\n     ESTADO CIVIL: 02 - CASADO\n     FAIXA ET\ufffdRIA: 04 - 25 A 29 ANOS\n     FAIXA RENDA : 01 - AT\ufffd 1 SAL\ufffdRIO M\ufffdNIMO\n     ATIVIDADE   : 04 - OUTRAS ATIVIDADES INDUSTRIAIS\nCAT\ufffdLOGO\n\n     *****, POLITICA - ESTRUTURA DO ESTADO, ORGANIZA\ufffd\ufffdO SOCIAL,\n     POLITICA TRABALHISTA, MANIFESTA\ufffd\ufffdO, ADMINISTRA\ufffd\ufffdO DE PESSOAL\n     - SERVI\ufffdO PUBLICO.\n     00000, 13000, 17000, 19000, 88000, 01000.\nINDEXA\ufffd\ufffdO\n\n     ACUMULA\ufffd\ufffdO DE CARGOS, MANIFESTA\ufffd\ufffdO DE APOIO.\n     POLITICA SALARIAL.\n     ASSISTENCIA AO MENOR.\n     JETONS.\n     ATIVIDADE PARLAMENTAR.\n     *****.\n     *****.\nSUGEST\ufffdO\n\n     Desejo que fosse feita uma lei proibindo as pessoas que trabalham em\n     \ufffdrg\ufffdo p\ufffdblico terem mais de dois cargos e as que obtivessem mais de\n     um teriam que dar conta do recado.  E as pessoas que recebessem acima\n     de dez sal\ufffdrios m\ufffdnimos seriam obrigadas a descontar em folha. Este\n     dinheiro que foi descontado fosse aplicado na campanha para o menor,\n     ou seja, ajude ao homem do futuro.\n     Quero salientar que seria \ufffdtimo que se colocasse tamb\ufffdm em pr\ufffdtica,\n     j\ufffd que os Deputados e Senadores recebem jetons pra comparecer a uma\n     sess\ufffdo; deveria fazer com que aqueles que n\ufffdo apresentasem nada e n\ufffdo\n     comparecessem \ufffds sess\ufffdes, fossem substitu\ufffddos pelos seus suplentes.\n     A\ufffd os mesmos saberiam cuidar mais dos problemas do cidad\ufffdo, pois o\n     mesmo foi eleito para trabalhar e n\ufffdo para enrolar"
"Emanoel Wanderley P alceu\nENDERE\ufffdO\n\n     R. Jos\ufffd Cresc\ufffdncio Pereira\nLOCALIZA\ufffd\ufffdO\n\n     MUNICIPIO: SALOA                            UF: PE   CEP: 55350\nDADOS PESSOAIS\n\n     SEXO        : 01 - MASCULINO\n     MORADOR     : 02 - ZONA URBANA\n     INSTRU\ufffd\ufffdO   : 03 - PRIMEIRO GRAU COMPLETO\n     ESTADO CIVIL: 01 - SOLTEIRO\n     FAIXA ET\ufffdRIA: 01 - 10 A 14 ANOS\n     FAIXA RENDA : 01 - AT\ufffd 1 SAL\ufffdRIO M\ufffdNIMO\n     ATIVIDADE   : 01 - AGROPECU\ufffdRIA,EXTR. VEG., PESCA\nDESTINAT\ufffdRIO\n\n     MARCO MACIEL\nCAT\ufffdLOGO\n\n     POLITICA ECONOMICA, ORGANIZA\ufffd\ufffdO SOCIAL, POLITICA - ESTRUTURA\n     DO ESTADO.\nINDEXA\ufffd\ufffdO\n\n     PARLAMENTARISMO (FAVORAVEL).\n     REPRESENTATIVIDADE.\n     CULTURA.\n     PODER AQUISITIVO.\nSUGEST\ufffdO\n\n     Surgiro o seguinte: Sistema parlamentarista, representa\ufffd\ufffdo pol\ufffdtica\n     partid\ufffdria.\n     Sistema cultural e poder econ\ufffdmico a todos os cidad\ufffdos.\n     Pesso-te para falar com o Exelent\ufffdssimo Presidente Jos\ufffd Sarney sobre\n     uma bicicleta caloi cross"
"Mauro Jos\ufffd de Vasconcelos\nENDERE\ufffdO\n\n     Rua Sete de Setembro no. 560 Cx. Postal\nLOCALIZA\ufffd\ufffdO\n\n     MUNICIPIO: TARABAI                          UF: SP   CEP: 19210\nDADOS PESSOAIS\n\n     SEXO        : 01 - MASCULINO\n     MORADOR     : 02 - ZONA URBANA\n     INSTRU\ufffd\ufffdO   : 06 - SUPERIOR INCOMPLETO\n     ESTADO CIVIL: 01 - SOLTEIRO\n     FAIXA ET\ufffdRIA: 03 - 20 A 24 ANOS\n     FAIXA RENDA : 02 - MAIS DE 01 A 02 S.M.\n     ATIVIDADE   : 06 - PRESTA\ufffd\ufffdO DE SERVI\ufffdOS\nCAT\ufffdLOGO\n\n     POLITICA TRABALHISTA, POLITICA INDIGENISTA, ORGANIZA\ufffd\ufffdO\n     SOCIAL, DIREITO - ORGANIZA\ufffd\ufffdO DO ESTADO, POLITICA - ESTRUTURA\n     DO ESTADO.\nINDEXA\ufffd\ufffdO\n\n     ELEI\ufffd\ufffdO DIRETA (FAVORAVEL).\n     ORGANIZA\ufffd\ufffdO JUDICIARIA.\n     SNI.\n     LIBERDADE DE EXPRESS\ufffdO.\n     LIBERDADE DE IMPRENSA.\n     LIBERDADE DE RELIGI\ufffdO.\n     LIBERDADE DE REUNI\ufffdO.\n     DIREITO DE GREVE.\n     DIREITOS DA MULHER, DISCRIMINA\ufffd\ufffdO.\n     ASSISTENCIA A MATERNIDADE.\n     CRECHE.\n     DIREITOS DO INDIO, REPRESENTATIVIDADE.\n     CULTURA.\n     PUNI\ufffd\ufffdO, RACISMO.\n     PENA DE MORTE (FAVORAVEL).\n     JORNADA DE TRABALHO.\nSUGEST\ufffdO\n\n     - Elei\ufffd\ufffdes diretas com sufr\ufffdgio universal, direito e secreto, com\n     representa\ufffd\ufffdo proporcional dos partidos pol\ufffdticos.\n     - Institui\ufffd\ufffdo de f\ufffdrum civil para julgamento de imputa\ufffd\ufffdo de natureza\n     pol\ufffdtica.\n     - Desmantelamento da comunidade de informa\ufffd\ufffdes, a supress\ufffdo dos\n     \ufffdrg\ufffdos de repress\ufffdo pol\ufffdtica, a extin\ufffd\ufffdo do servi\ufffdo nacional de\n     informa\ufffd\ufffdo (SNI). Obs: Para que se garanta a inviolabilidade da\n     pessoa humana e do domic\ufffdlio. Amplas liberdade p\ufffdblicas de pensamento\n     palavra, associa\ufffd\ufffdes, greve, imprensa, c\ufffdtedra, cren\ufffda e culto\n     religioso, de movimento e profiss\ufffdo.\n     - Prote\ufffd\ufffdo especial \ufffd mulher, eliminando instrumentos de desigualdade\n     seja ele econ\ufffdmico, social ou jur\ufffddico.\n     Assist\ufffdncia gratuita para as mulheres gestantes, com direito a\n     maternidade, creche e escola aos seus filhos.\n     - Nova pol\ufffdtica ind\ufffdgena, os \ufffdndios devem ser livres e aut\ufffdnomos, e\n     devem te direito \ufffd representa\ufffd\ufffdo nos \ufffdrg\ufffdos p\ufffdblicos ligados a seus\n     interesses.\n     - \ufffd preciso que se defenda a cultura afro-brasileira, que em deperado\n     negro se puna os transgressores que os discriminem.\n     - Pena de morte para (assassinatos) criminosos.\n     - Redu\ufffd\ufffdo da jornada de trabalho para 40 horas semanais"
"Jess\ufffd Gomes de Souza\nENDERE\ufffdO\n\n     SQN 209 Bloco C apto 101\nLOCALIZA\ufffd\ufffdO\n\n     MUNICIPIO: BRASILIA                         UF: DF   CEP: 70854\nDADOS PESSOAIS\n\n     SEXO        : 01 - MASCULINO\n     MORADOR     : 02 - ZONA URBANA\n     INSTRU\ufffd\ufffdO   : 07 - SUPERIOR COMPLETO\n     ESTADO CIVIL: 02 - CASADO\n     FAIXA ET\ufffdRIA: 05 - 30 A 39 ANOS\n     FAIXA RENDA : 05 - MAIS DE 05 A 10 S.M.\n     ATIVIDADE   : 01 - AGROPECU\ufffdRIA,EXTR. VEG., PESCA\nCAT\ufffdLOGO\n\n     DIREITO - ORGANIZA\ufffd\ufffdO DO ESTADO, POLITICA NACIONAL DE SAUDE,\n     POLITICA TRABALHISTA, POLITICA AGRICOLA.\nINDEXA\ufffd\ufffdO\n\n     REFORMA AGRARIA (FAVORAVEL), TERRAS PUBLICAS.\n     MUNICIPIOS, EXERCICIO DA PROFISS\ufffdO, POLITICA SALARIAL.\n     SISTEMA NACIONAL DE SAUDE.\nSUGEST\ufffdO\n\n     1- Por em pr\ufffdtica a reforma agr\ufffdria com base nas terras devolutas,\n     aplicando o princ\ufffdpio de arrendamento de terras, o qual no momento\n     deu certo no Distrito Federal; pois se compararmos (no caso do DF) a\n     produ\ufffd\ufffdo agr\ufffdcola dessas terras arrendadas com as terras de escritura\n     definitiva, veremos que nas terras arrendadas a produ\ufffd\ufffdo \ufffd bem maior.\n     2- Interioriza\ufffd\ufffdo dos profissionais (de sa\ufffdde, educa\ufffd\ufffdo, agricultura,\n     \ufffdreas sociais, etc.) considerados fundamentais no desenvolvimento,\n     fazendo-se uma escala salarial da seguinte maneira: quanto mais\n     distante do centro urbano, maior o n\ufffdvel salarial at\ufffd um teto m\ufffdximo\n     a ser estabelecido. Poderia ser at\ufffd estabelecido um per\ufffdodo (10, 15,\n     20 anos) que seria posto em pr\ufffdtica, at\ufffd que fosse desenvolvida a\n     regi\ufffdo do interior determinada.\n     3- Integra\ufffd\ufffdo de todos os \ufffdrg\ufffdos de sa\ufffdde, seja particular, seja\n     p\ufffdblico, a fim de se evitar privil\ufffdgios de uns em detrimento do\n     restante da popula\ufffd\ufffdo. Por exemplo: setores da popula\ufffd\ufffdo tem acesso a\n     todas as especialidades e tratamentos m\ufffddicos, enquanto outros\n     setores, muitas vezes, carecem de assist\ufffdncia m\ufffddica para o  seu\n     tratamento de sa\ufffdde espec\ufffdfico, numa determinada especialidade\n     m\ufffddica, por depender fundamentalmente de recursos financeiros  para\n     tal"
"Marlene Lozarey\nENDERE\ufffdO\n\n     Av Rio Grande do Sul 475\nLOCALIZA\ufffd\ufffdO\n\n     MUNICIPIO: CORBELIA                         UF: PR   CEP: 85810\nDADOS PESSOAIS\n\n     SEXO        : 02 - FEMININO\n     MORADOR     : 02 - ZONA URBANA\n     INSTRU\ufffd\ufffdO   : 02 - PRIMEIRO GRAU INCOMPLETO\n     ESTADO CIVIL: 01 - SOLTEIRA\n     FAIXA ET\ufffdRIA: 01 - 10 A 14 ANOS\n     ATIVIDADE   : 01 - AGROPECU\ufffdRIA,EXTR. VEG., PESCA\nCAT\ufffdLOGO\n\n     MEIO AMBIENTE - ECOLOGIA, POLITICA NACIONAL DE URBANISMO,\n     POLITICA EDUCACIONAL, POLITICA TRABALHISTA, POLITICA -\n     ESTRUTURA DO ESTADO, DIREITO - ORGANIZA\ufffd\ufffdO DO ESTADO,\n     POLITICA PREVIDENCIARIA, ORGANIZA\ufffd\ufffdO SOCIAL.\nINDEXA\ufffd\ufffdO\n\n     MENOR CARENTE.\n     ASSISTENCIA MEDICA.\n     CRIMINOSO DE ALTA PERICULOSIDADE, PUNI\ufffd\ufffdO.\n     SEGURAN\ufffdA PUBLICA.\n     MORDOMIA.\n     ATIVIDADE PROFISSIONAL, POLITICA SALARIAL.\n     REGULAMENTA\ufffd\ufffdO DE PROFISS\ufffdO, TRABALHADOR RURAL.\n     SISTEMA EDUCACIONAL.\n     ALCOOLISMO.\n     SERVI\ufffdOS PUBLICOS.\n     DEFESA DO MEIO AMBIENTE.\nSUGEST\ufffdO\n\n     Mais apoio \ufffds crian\ufffdas carentes; dar mais assit\ufffdncia aos doentes;\n     puni\ufffd\ufffdo aos assassinos; mais ordem nas cidades; menos atropelamentos\n     nas ruas; mais seguran\ufffda; menos mordomia aos pol\ufffdticos.\n     Maior sal\ufffdrio aos pobres, sal\ufffdrios mais altos paa os que trabalham em\n     trabalhos pesados, enquadramento dos b\ufffdias frias; delegados e ju\ufffdzes\n     n\ufffdo devem ser comprados. Nas escolas todos devem ter  os mesmos\n     direitos; n\ufffdo devem vender bebidas alco\ufffdlicas a menores de 18 anos.\n     Mais higiene na cidade, prender cachoros vira-latas que ficam na rua;\n     proibir a derrubada das matas"
"Teresinha Aparecida de Souza\nENDERE\ufffdO\n\n     Sitio Corb\ufffdlio\nLOCALIZA\ufffd\ufffdO\n\n     MUNICIPIO: CORBELIA                         UF: PR   CEP: 85810\nDADOS PESSOAIS\n\n     SEXO        : 02 - FEMININO\n     MORADOR     : 01 - ZONA RURAL\n     INSTRU\ufffd\ufffdO   : 02 - PRIMEIRO GRAU INCOMPLETO\n     ESTADO CIVIL: 01 - SOLTEIRA\n     FAIXA ET\ufffdRIA: 02 - 15 A 19 ANOS\n     FAIXA RENDA : 02 - MAIS DE 01 A 02 S.M.\n     ATIVIDADE   : 11 - OUTRAS ATIVIDADES\nCAT\ufffdLOGO\n\n     POLITICA AGRICOLA, POLITICA EDUCACIONAL, POLITICA TRABALHISTA,\n     POLITICA - ESTRUTURA DO ESTADO, POLITICA NACIONAL DE\n     TRANSPORTES, DIREITO - ORGANIZA\ufffd\ufffdO DO ESTADO, ORGANIZA\ufffd\ufffdO\n     SOCIAL, POLITICA PREVIDENCIARIA.\nINDEXA\ufffd\ufffdO\n\n     ASSISTENCIA MEDICA, POPULA\ufffd\ufffdO DE BAIXA RENDA.\n     ASSISTENCIA AO MENOR, MENOR CARENTE.\n     PLANEJAMENTO FAMILIAR.\n     CRIMINALIDADE, PUNI\ufffd\ufffdO.\n     ACIDENTE DE TRANSITO.\n     MORDOMIA.\n     ALFABETIZA\ufffd\ufffdO, POLITICA SALARIAL, TRABALHADOR.\n     ASSISTENCIA AO JOVEM.\n     JUSTI\ufffdA SOCIAL.\n     ASSISTENCIA A POPULA\ufffd\ufffdO RURAL.\n     ATIVIDADE PARLAMENTAR.\nSUGEST\ufffdO\n\n     1 Mais assist\ufffdncia aos doentes pobres e crian\ufffdas abandonadas.\n     2 Maior orienta\ufffd\ufffdo \ufffds fam\ufffdlias pobres.\n     3 Maior puni\ufffd\ufffdo aos sequestros, assassinatos e acidentes de tr\ufffdnsito.\n     4 Menos mordomia aos pol\ufffdticos.\n     5 Aumento de sal\ufffdrio aos trabalhadores.\n     6 Maior apoio e orienta\ufffd\ufffdo aos jovens, para para assim n\ufffdo haver o\n     uso de drogas.\n     7 Mais igualdade entre as pessoas.\n     8 Apoio e ensino \ufffds pessoas analfabetas.\n     9 Assist\ufffdncia e justi\ufffda aos sem terras.\n     10 Mais dedica\ufffd\ufffdo por parte dos pol\ufffdticos"
"Antonio Melgacino de Souza\nENDERE\ufffdO\n\n     Rua 12 de outubro n 2\nLOCALIZA\ufffd\ufffdO\n\n     MUNICIPIO: MELGA\ufffdO                          UF: PA   CEP: 68490\nDADOS PESSOAIS\n\n     SEXO        : 01 - MASCULINO\n     MORADOR     : 02 - ZONA URBANA\n     INSTRU\ufffd\ufffdO   : 02 - PRIMEIRO GRAU INCOMPLETO\n     ESTADO CIVIL: 02 - CASADO\n     FAIXA ET\ufffdRIA: 05 - 30 A 39 ANOS\n     FAIXA RENDA : 02 - MAIS DE 01 A 02 S.M.\n     ATIVIDADE   : 07 - ADMINISTRA\ufffd\ufffdO P\ufffdBLICA\nCAT\ufffdLOGO\n\n     DIREITO - ORGANIZA\ufffd\ufffdO DO ESTADO, POLITICA - ESTRUTURA DO\n     ESTADO, ORGANIZA\ufffd\ufffdO SOCIAL.\nINDEXA\ufffd\ufffdO\n\n     LIBERDADE.\n     ADMINISTRA\ufffd\ufffdO PUBLICA, ATIVIDADE POLITICA.\n     CARGO ELETIVO, ELEI\ufffd\ufffdO DIRETA (FAVORAVEL).\nSUGEST\ufffdO\n\n     Venho sugerir que a nova Constitui\ufffd\ufffdo brasileira d\ufffd liberdade aos\n     cidad\ufffdos, mas n\ufffdo permita a falta de respeito, que muita gente chama\n     de liberadade. \ufffd necess\ufffdrio tamb\ufffdm que a nova Carta Magna da na\ufffd\ufffdo\n     n\ufffdo permita que os governos tanto da \ufffdrea federal, estadual e\n     municipal , usem a m\ufffdquina adminstrativa para fazer pol\ufffdtica\n     partid\ufffdria, o que s\ufffd vem prejudicar o povo.\n     Para finalizar sugiro que haja elei\ufffd\ufffdes diretas em todos os n\ufffdveis"
"Jose Jo\ufffdo da Silva\nENDERE\ufffdO\n\n     R Silvano brand\ufffdo\nLOCALIZA\ufffd\ufffdO\n\n     MUNICIPIO: JEQUERI                          UF: MG   CEP: 35390\nDADOS PESSOAIS\n\n     SEXO        : 01 - MASCULINO\n     MORADOR     : 02 - ZONA URBANA\n     INSTRU\ufffd\ufffdO   : 04 - SEGUNDO GRAU INCOMPLETO\n     ESTADO CIVIL: 02 - CASADO\n     FAIXA ET\ufffdRIA: 05 - 30 A 39 ANOS\n     FAIXA RENDA : 04 - MAIS DE 03 A 05 S.M.\n     ATIVIDADE   : 07 - ADMINISTRA\ufffd\ufffdO P\ufffdBLICA\nCAT\ufffdLOGO\n\n     DIREITO - ORGANIZA\ufffd\ufffdO DO ESTADO, POLITICA - ESTRUTURA DO\n     ESTADO.\nINDEXA\ufffd\ufffdO\n\n     DELEGACIA DE POLICIA.\n     MUNICIPIOS, ORGANIZA\ufffd\ufffdO JUDICIARIA.\nSUGEST\ufffdO\n\n     Gostaria que todo pequeno munic\ufffdpio tivesse seu juiz de direito, e\n     que o juiz de paz voltasse a ser eleito peo povo em eli\ufffd\ufffdes livress,\n     e ainda que os delegados de pol\ufffdcia fossem tamb\ufffdm eleitos pelo povo\n     ou escolhidos pela c\ufffdmara de vereadores, entre os suplentes dos\n     mesmos, e que fosse tamb\ufffdm institu\ufffddo pela c\ufffdmara muncipal um\n     vencimento para o delegado nunca inferior ao de um vereador"
"SONILDO FERREIRA LIMA\nENDERE\ufffdO\n\n     RUA SEIS; 728\nLOCALIZA\ufffd\ufffdO\n\n     MUNICIPIO: ITAJA                            UF: GO   CEP: 76330\nDADOS PESSOAIS\n\n     SEXO        : 01 - MASCULINO\n     MORADOR     : 02 - ZONA URBANA\n     INSTRU\ufffd\ufffdO   : 05 - SEGUNDO GRAU COMPLETO\n     ESTADO CIVIL: 02 - CASADO\n     FAIXA ET\ufffdRIA: 04 - 25 A 29 ANOS\n     FAIXA RENDA : 05 - MAIS DE 05 A 10 S.M.\n     ATIVIDADE   : 07 - ADMINISTRA\ufffd\ufffdO P\ufffdBLICA\nCAT\ufffdLOGO\n\n     DIREITO - ORGANIZA\ufffd\ufffdO DO ESTADO, POLITICA - ESTRUTURA DO\n     ESTADO, POLITICA ECONOMICA, POLITICA FINANCEIRA.\nINDEXA\ufffd\ufffdO\n\n     REFORMA TRIBUTARIA.\n     REDISTRIBUI\ufffd\ufffdO DE RENDA.\n     SUNAB.\n     ELEI\ufffd\ufffdO DIRETA, PRESIDENTE DA REPUBLICA.\n     FISCALIZA\ufffd\ufffdO PUBLICA, GASTOS PUBLICOS.\n     CONSTITUI\ufffd\ufffdO.\nA REFORMA TRIBUT\ufffdRIA.\nSUGEST\ufffdO\n\n     B MELHOR DISTRIBUI\ufffd\ufffdO DE RENDA.\n     C Recursos a serem repassados da seguinte forma:\n     HOJE UNI\ufffdO -  ESTADO - MUNIC\ufffdPIOS\n     DEVERIA SER:\n     UNI\ufffdO - ESTADOS - MUNICIPIOS\n     D Maior apoio da SUNAB em todas as cidades.\n     E- Elei\ufffd\ufffdes diretas para presidente da rep\ufffdblica.\n     G- Informa\ufffd\ufffdo atrav\ufffds de balan\ufffdos gerais dos org\ufffdos federais,\n     estaduais e municipais.\n     H- Nova carta magna (constitui\ufffd\ufffdo)"
"Sebasti\u00e3o Teodoro Linhares"
"Isac Domingos dos Santos"
"Antonio Villaca Torres"
"Ozorino Cardoso dos Santos"
"Ana Rita Rosa de Souza"
"Francisco Garne Pagan"
"M\u00e1rcio ant\u00f4nio da Silva"
"Jos\u00e9 Helton de Oliveira Nobre"
"Irineu Silva"
"Ana L\u00facia Vieira Sampaio."
"Francisco das Chagas Ferreira"
"J. B. Mainardi"
"Paulo Dutra da Silva"
"Maria do Socorro Arag\u00e3o"
"Valfredo Cordeiro do Santos"
"Alberto da Silva Rego"
"Alberto da Silva R\u00eago"
"Jaime Martins"
"Jo\u00e3o Soares Fragoso"
"Jos\u00e9 Alves da Silva."
"Antenor  Campos Braga"
"Dinalva Medeiros Cavalcante"
"Maria C. P. Rabelo"
"Walentim Alves Ferreira."
"HILDA DINIZ"
"Antonio Bezerra Filho"
"JOSE CLAUDIO NEVES"
"JOSE Antonio da Silva"
"antonio de arimateia firmiano de andrade"
"ROSILENE GRESSE DIAS COSTA"
"Adalberto Marques da Rocha"
"Lindaura Nielsen"
"Emilton Souza da Silva\nLOCALIZA\u00c7\u00c3O\n\n     MUNICIPIO: CASA NOVA                        UF: BA   CEP: 47300\nDADOS PESSOAIS\n\n     SEXO        : 01 - MASCULINO\n     MORADOR     : 02 - ZONA URBANA\n     INSTRU\u00c7\u00c3O   : 01 - ANALFABETO\n     ESTADO CIVIL: 01 - SOLTEIRO\n     FAIXA ET\u00c1RIA: 02 - 15 A 19 ANOS\n     FAIXA RENDA : 08 - SEM RENDIMENTO\n     ATIVIDADE   : 11 - OUTRAS ATIVIDADES\nDESTINAT\u00c1RIO\n\n     *ANTONIO HONORATO\nCAT\u00c1LOGO\n\n     MANIFESTA\u00c7\u00c3O.\n     MANIFESTA\u00c7\u00c3O DE APOIO.\nTEXTO\n\n     Temos que seguir o nosso Deputado Antonio Honorato, pois ele\n     escolher\u00e1 o melhor para n\u00f3s"
"Arlete Vieira Delesparti Barboza"
"Isaque De Borba Corr\u00eaa"
"Sebasti\u00e3o Dos Reis"
"Antonio Leite Fontes"
"Antonio Leite Fontes."
"salom\u00e3o costa ara\u00fajo"
"MARIA JOSE PEREIRA DOS SANTOS"
"MARTINS PEREIRA DA SILVA NETO"
"ZILDA DE O VOGLIERE"
"C\u00e9sar Ferreira Santos"
"Ezequiel Carneiro da Cunha"
"AFONSO MARQUES de sousa"
"VALDEMAR DONIZETE DE OLIVEIRA"
"LORIVAL CASTELUCCI"
"MARLENE SANTANA"
"MARIA SOLANGE DE JESUS"
"CICERO VICENTE SILVA"
"MARIA JULIA MARTINS DA SILVA"
"MANOEL MISSIAS CARDOSO SILVA"
"CLAUDIONOR DA COSTA RIBEIRO"
"JOSE REMOS DA SILVA"
"Antonio Gomes campos"
"clovis arruda"
"ADONAY SOARES PACHECO"
"EURIPEDES DE"
"IDOMILSON OLIVEIRA LOPES"
"CELMIRA ROSA DOS SANTOS"
"maria dos santos ara\u00fajo"
"leonar oliveira rodrigues"
"HELIO EMILIANO MOREIRA"
"FRANCISCO PETR\u00d4NIO FREIRE VASCONCELOS"
"CIRO ORESTE TRINDADE"
"RAIMUNDO NONATO LOPES DE OLIVEIRA"
"Geraldo Pereira dos Santos"
"Waldemar Mendes de Andrade"
"Rito Maria Holanda de Souza"
"Maria Eneide Ribeiro R\u00eago"
"Constantino de Deus Filho"
"edenise dias ara\u00fajo"
"Antonio de ALencar Delcado"
"Amara Antonio de Almeida Lima"
"Am\u00e9lia Aparecida Rodrigues Gra\u00e7a"
"Carlos Alberto de oliveira"
"Osias Nacre Gomes"
"ALBANO DICK"
"Afoso Marques de Sousa"
"NILTON CAMPOS"
"INALDO IN\u00c1CIO DO ESP\u00cdRITO SANTO"
"MARIO BARRETO SANTOS"
"JOS\u00c9 FRANCISCO ALVES"
"R. F. M."
"Jesuslene Machado"
"7MOZART TEIXEIRA BORGES"
"FERNANDO ANTONIO SANTOS DE SANATNA"
"SIMONE FEREIRA ALVARES"
"Romilda Cruz Pereira"
"Avelino Royer"
"Brasilio de Freitas Caires"
"Jose domingos rodrigues"
"jordon luiz werlang"
"marilda machado"
"maria do socorro pires gon\u00e7alves"
"aguida barbosa santos"
"Edvaldo de Oliveira Veloso"
"Maria Cira Padilha da Luz"
"ANTONIO CARLOS ALVES SPERANDIO"
"mercedes da silva melo"
"Jorge Samways"
"BERENICE CLARO CONTIR"
"MARCOS BANDINI DOS SANTOS"
"Jos\u00e9 Ruy de Almeida Leite Filho"
"R\u00f4mulo C\u00e9sar Ribeiro da Silva"
"Vicentina Bezerra da Silva"
"darlene campos gon\u00e7alves"
"SANDRA REGINA GNOATTA"
"roberto luis barreto de oliveira"
"Vainer Jo\u00e3o Penatti"
"Fernando Henrique Cardoso"
"DEBORAH MALHEIROS DE MELLO"
"Alfredo Alves Xavier"
"Martins Pereira da Silva Neto"
"Jaqueline Loureiro"
"MARIA CONCEI\u00c7\u00c2O DE S LANZOTTI"
"EVALDO FRANCISCO DE LIMA"
"MARIA GL\u00d3RIA DOS SANTOS FERREIRA"
"SEVERINO BARBOSA DE L FILHO"
"Eurides Querino de Souza"
"PAULO JORGE ALVES DA ROCHA"
"JOSE PINHEIRO DA SILVA"
"NEUDIMAR FERREIRA"
"JOSEANE CARMEM RIZOTTI"
"Miguel Alves Thom\u00e9"
"SANDRA TOMAY MURAKAMI"
"RUI BEZERRA"
"amado augusto da silva"
"Domiana martins da Costa"
"Carla Tavares do Nascimento"
"SEVERINO SIQUEIRA BORGES"
"Luciana da Silva Ribeiro"
"CARLO A BALCERAZ"
"Elizabeth F. da Silva"
"Virginio Rios"
"Pedro Gomes Martins"
"Otoniel Ferreira de Menezes"
"ROSALVA PERES SE LIMA"
"ALTIMAR PASIN DE GODOY"
"DR JAYME BRAZ"
"marcito soares dos santos filho"
"Rodolfo Joaquim Pinto da Luz"
"ADELINO DA SILVA LOPES"
"ANTONIO CORINTINO LOPES"
"SEVERINO MANOEL DA SILVA"
"Arnandes Ferraz de Aguiar"
"JOS\u00c9 ALDO GOMES ALVES"
"HUDSNON TEIXEIRA DE CARVALHO"
"ANTONIO TAVARES"
"JOSE CABRAL DA ROCHA BARROS"
"FRANCAISCO CAMPOS DA SILVA"
"FERNANDO LEAL FILHO"
"Romana L\u00facia Meira Sampaio"
"Maria Jacineide Tavares Pinto"
"Maria excelsa ferreira"
"Maria Dulce Gomes de Ara\u00fajo Lima"
"Aldo Jos\u00e9 Todeno Jr"
"Romualdo Fink Andrade"
"Jos\u00e9 Gomes Tena\nLOCALIZA\u00c7\u00c3O\n\n     MUNICIPIO: S\u00c3O JOSE DA SAFIRA               UF: MG   CEP: 39785\nDADOS PESSOAIS\n\n     SEXO        : 01 - MASCULINO\n     INSTRU\u00c7\u00c3O   : 05 - SEGUNDO GRAU COMPLETO\n     ESTADO CIVIL: 01 - SOLTEIRO\n     FAIXA ET\u00c1RIA: 06 - 40 A 49 ANOS\n     FAIXA RENDA : 08 - SEM RENDIMENTO\n     ATIVIDADE   : 03 - IND\u00daSTRIA DE CONSTRU\u00c7\u00c3O\nCAT\u00c1LOGO\n\n     DIREITO - ORGANIZA\u00c7\u00c3O DO ESTADO.\nINDEXA\u00c7\u00c3O\n\n     CUMPRIMENTO DA LEI.\nA meu ver, o Brasil tem o melhor c\u00f3digo brasileiro civil, ou seja, o\nmelhor c\u00f3digo civil de leis. Mais n\u00f3s precisamos executar as leis, e\nnossas autoridades t\u00eam que fazer cumprir as leis brasileiras com\nenergia,\nAssim eu creio que o brasileiro governar\u00e1 o Brasil de verdade. E\ngarantir\u00e1 o que est\u00e1 escrito na faixa: Ordem e Progresso. Tamb\u00e9m\nprecisamos de governantes mais novos e que tenham capacidade de\nverdade. Vamos cumprir a lei assim o Brasil ser\u00e1 bem governado. As\nleis no Brasil n\u00e3o est\u00e3o sendo executados"
"Le\u00f4nia Severiano dos Santos"
"Edmir Ferreira Pereira"
"Osvaldo Aires"
"Porf\u00edrio Estaciaki"
"Salermo Alves de Souza"
"Joaquim Cust\u00f3dio da Silva"
"Silverino dos Santos Filho"
"Ant\u00f4nio Santo Turcheho"
"Denise Villanova Mattos"
"Vitor Luiz M. Andrade"
"Benedito de Oliveira Maia"
"Joel de Oliveira"
"Antonio Rodrigues Coutinho (engenheiro Agr\u00f4nomo)"
"Olivaldo Braz da Silva"
"Dalva Critina Teixeira"
"Eufr\u00e1sio Jos\u00e9 da Costa"
"Daniel Salve dos Santos"
"GERALDO GOMES DA SILVA"
"LUIZ ANTONIO TIRELLO"
"Ad\u00e3o Francisco Costa"
"Raimudo pedro da costa"
"Roney Tadeu Valen\u00e7a Silva"
"Antonio In\u00e1cio Murta"
"JAYME SILVEIRA"
"EDNA BRINCO DE ARAUJO"
"Manoel Eleut\u00e9sio da Silva"
"Amaro Ednaldo"
"Maria Nazar\u00e9 da Rocha Luz"
"Eneupas Tomaz Soeiro Filho"
"Dolreina Fereira dos Santos"
"Geraldo Fanero Aposentado da RFFSA"
"Lenilson Marques Machado"
"Edimam de Souza Chaves"
"Paulo Gomes Magalh\u00e3es"
"Jose dos santos"
"Mano Pery de Souza e Silva"
"Jos\u00e9 Ribeiro de Oliveira"
"Augusto Ismael dos Santos"
"Hildebrando Vieira da Silva"
"arquimedes ribeiro de novais"
"S\u00f4nia Garcia"
"Valdir Ribeiro Guedes"
"Guin\u00e9s Marcos Pantoja"
"Alberto Carlos de Sabeya Jr."
"Valmir C\u00c2ndido"
"Elias de Souza e Silva"
"Antonio Acacio Brito Filho"
"MARIA DO SOCORRO BEZERRA TEIXEIRA"
"Luis Romualdo da Silva"
"JORGE DA SILVA CAVADA"
"Francisco das Chagas Rodrigues"
"Milton Verardi Junior"
"Osvaldo Marques Gonzaga"
"JOAO JORGE FILHO"
"Paulo Renato Alves Barcelos"
"Jos\u00e9 Carlos Balbino"
"Joaquim Da Silva Costa"
"Ayrton da Luz Castilho"
"Natalino Odakoski"
"Armando Jos\u00e9 Arruda Bittencourt"
"Amaro Jos\u00e9 Pereira da Silva"
"Vera Lucia Loren\u00e7o de Souza"
"Julia Da Concei\u00e7\u00e3o Veiga"
"Filomena Silva de Azevedo"
"Germano Bentes de Almeida"
"Edvan Alves Bahia"
"J\u00f4nis Manoel Ferreira"
"Maria Jose Martins"
"Rogerio Cordeiro de Farias"
"Joselito Rodrigues Rocha"
"Fabr\u00edcio Augusto Diogo"
"Edualdo Gomes Bezerra Damasceno"
"Renato S\u00e9rgio pimentel Martins"
"Heinte Araujo Amazonas"
"Cleusa Alves dos Santos"
"Clodoaldo Jos\u00e9 H."
"Roberto Cesar Basso"
"ANA PAULA LIELES DE ARAUJO"
"ANTONIO FINOCHIO"
"MALQUI HELIZA CHAVES"
"MARILIZA GUNELLI"
"ROS\u00c2NGELA FLOR\u00caNCIO MOTA"
"ROSANA FRANCISCA DA RESSURREI\u00c7\u00c2O"
"Heriberto Steemburgo"
"Jos\u00e9 Carlos Krayevski"
"Luis Oswaldo Barella"
"iraciane dos santos freire"
"andr\u00e9ia hogucira campos"
"VILAGRAU FERNANDES XAVIER"
"EDTELMO TERTO LINS"
"MARLON CESAR DA SILVA"
"ARNALDO INOC\u00caNCIO J\u00daNIOR"
"MARCELO BRART DA SILVA CARVALHO"
"WALTER SILVA ALVES"
"LUIZ A P FANTAJUSSI"
"LAURA PACHECO DA COSTA"
"Adauto Assun\u00e7\u00e3o de Meira"
"DORIVALDO NUNES DE NAZARE"
"Z\u00c9LIA MARIA GON\u00c7ALVES OLIVEIRA"
"Carlos Frederico T. F. de Souza"
"ANA V CREVELIN\nLOCALIZA\u00c7\u00c3O\n\n     MUNICIPIO: TURVO                            UF: PR   CEP: 85150\nDADOS PESSOAIS\n\n     SEXO        : 02 - FEMININO\n     MORADOR     : 01 - ZONA RURAL\n     INSTRU\u00c7\u00c3O   : 02 - PRIMEIRO GRAU INCOMPLETO\n     ESTADO CIVIL: 02 - CASADA\n     FAIXA ET\u00c1RIA: 05 - 30 A 39 ANOS\n     FAIXA RENDA : 01 - AT\u00c9 1 SAL\u00c1RIO M\u00cdNIMO\nCAT\u00c1LOGO\n\n     POLITICA EDUCACIONAL.\nINDEXA\u00c7\u00c3O\n\n     ENSINO RELIGIOSO.\nPropomos que a educa\u00e7\u00e3o religiosa seja garantida em todas as escolas,\ncomo parte integrante do sistema de ensino, respeitando a pluralidade\nreligiosa do povo brasileiro"
"JOAO J FULLI"
"IRENY LOPES DE ALMEIDA"
"Raquel dos Santos"
"Rodrigues de S. Vieira"
"ANTONIO LUIZ DE COIMBRA"
"Marcelino Santos Fraz\u00e3o"
"RONALDO SIDAL"
"OD\u00cdLIO ARRUDA LIMA"
"MIRACI DE MOAES SALGADO RODRIGUES"
"Pedro A. Rizzotto"
"Geraldo Rodrigues da Fonseca"
"Dejanira Silvestre Maimone"
"ROMERO JOSE DA SILVA"
"FABIO NASCIMENTO DOS SANTOS"
"OMAR ANTONIO DOS SANTOS"
"LUIZ ANTONIO MEDINA"
"tomaz de aquina lima"
"DJALMA DE CASTRO"
"ANGELO LAZZARIS NETO"
"FRANCISCO PARAISO ALVES"
"Mario Hoshiba"
"RAIMUNDO DOS SANTOS BARROSO"
"MANOEL RESENDE"
"FLORIANO PEIXOTO GOMES"
"Ubirajara Lemos da  Silva"
"LUIZ HENRIQUE DENQUI DE ALMEIDA"
"NIVALDO MOREIRRA DE OLIVEIRA"
"Antonio Lucio Magalh\u00e3es"
"hailton lopes da costa"
"GIST\u00c9IA DE MOURA GOMES"
"JOC\u00c9LIA DOMINGUES"
"Francisco Barreto Alves"
"FRANCISCO VIDAL DA VEIGA"
"ALBERTO LISBOA DE OLIVEIRA"
"RAIMUNDA DE F\u00c1TIMA CAETANO OLIVEIRA"
"BENAINDO DIAS DE OLIVEIRA"
"JONA\u00c9LETON C\u00c9O REIS"
